Archive member included to satisfy reference by file (symbol)

lib/libCHIP.a(libSupportLayer.CHIPMem.cpp.o)
                              obj/src/setup_payload/java/libSetupPayloadParser.SetupPayloadParser-JNI.cpp.o (chip::Platform::MemoryInit(void*, unsigned long))
lib/libCHIP.a(libSupportLayer.CHIPPlatformMemory.cpp.o)
                              obj/src/lwip/standalone/lwip.sys_arch.c.o (CHIPPlatformMemoryAlloc)
lib/libCHIP.a(libSupportLayer.CHIPLogging.cpp.o)
                              obj/src/setup_payload/java/libSetupPayloadParser.SetupPayloadParser-JNI.cpp.o (chip::Logging::Log(unsigned char, unsigned char, char const*, ...))
lib/libCHIP.a(libSupportLayer.CHIPLoggingLogV.cpp.o)
                              lib/libCHIP.a(libSupportLayer.CHIPLogging.cpp.o) (chip::Logging::LogV(unsigned char, unsigned char, char const*, std::__va_list))
lib/libCHIP.a(libSupportLayer.CHIPMem-Malloc.cpp.o)
                              lib/libCHIP.a(libSupportLayer.CHIPPlatformMemory.cpp.o) (chip::Platform::MemoryFree(void*))
lib/libCHIP.a(libSetupPayload.ManualSetupPayloadParser.cpp.o)
                              obj/src/setup_payload/java/libSetupPayloadParser.SetupPayloadParser-JNI.cpp.o (chip::ManualSetupPayloadParser::populatePayload(chip::SetupPayload&))
lib/libCHIP.a(libSetupPayload.QRCodeSetupPayloadParser.cpp.o)
                              obj/src/setup_payload/java/libSetupPayloadParser.SetupPayloadParser-JNI.cpp.o (chip::QRCodeSetupPayloadParser::populatePayload(chip::SetupPayload&))
lib/libCHIP.a(libSetupPayload.SetupPayload.cpp.o)
                              lib/libCHIP.a(libSetupPayload.QRCodeSetupPayloadParser.cpp.o) (chip::SetupPayload::getNumericTypeFor(unsigned char))
lib/libCHIP.a(libChipCore.CHIPTLVReader.cpp.o)
                              lib/libCHIP.a(libSetupPayload.QRCodeSetupPayloadParser.cpp.o) (chip::TLV::TLVReader::OpenContainer(chip::TLV::TLVReader&))
lib/libCHIP.a(libSupportLayer.Verhoeff10.cpp.o)
                              lib/libCHIP.a(libSetupPayload.ManualSetupPayloadParser.cpp.o) (Verhoeff10::ValidateCheckChar(char, char const*))
lib/libCHIP.a(libSetupPayload.Base41.cpp.o)
                              lib/libCHIP.a(libSetupPayload.QRCodeSetupPayloadParser.cpp.o) (chip::base41Decode(std::__ndk1::basic_string<char, std::__ndk1::char_traits<char>, std::__ndk1::allocator<char> >, std::__ndk1::vector<unsigned char, std::__ndk1::allocator<unsigned char> >&))
lib/libCHIP.a(libSupportLayer.Verhoeff.cpp.o)
                              lib/libCHIP.a(libSupportLayer.Verhoeff10.cpp.o) (Verhoeff::DihedralInvert(int, int))

Discarded input sections

 .note.GNU-stack
                0x0000000000000000        0x0 /opt/android/android-ndk-r21b/toolchains/llvm/prebuilt/linux-x86_64/bin/../sysroot/usr/lib/aarch64-linux-android/24/crtbegin_so.o
 .note.GNU-stack
                0x0000000000000000        0x0 /opt/android/android-ndk-r21b/toolchains/llvm/prebuilt/linux-x86_64/bin/../sysroot/usr/lib/aarch64-linux-android/24/crtbegin_so.o
 .text          0x0000000000000000        0x0 obj/src/setup_payload/java/libSetupPayloadParser.SetupPayloadParser-JNI.cpp.o
 .group         0x0000000000000000        0x8 obj/src/setup_payload/java/libSetupPayloadParser.SetupPayloadParser-JNI.cpp.o
 .group         0x0000000000000000        0x8 obj/src/setup_payload/java/libSetupPayloadParser.SetupPayloadParser-JNI.cpp.o
 .group         0x0000000000000000        0x8 obj/src/setup_payload/java/libSetupPayloadParser.SetupPayloadParser-JNI.cpp.o
 .group         0x0000000000000000        0x8 obj/src/setup_payload/java/libSetupPayloadParser.SetupPayloadParser-JNI.cpp.o
 .group         0x0000000000000000        0x8 obj/src/setup_payload/java/libSetupPayloadParser.SetupPayloadParser-JNI.cpp.o
 .group         0x0000000000000000        0x8 obj/src/setup_payload/java/libSetupPayloadParser.SetupPayloadParser-JNI.cpp.o
 .group         0x0000000000000000        0x8 obj/src/setup_payload/java/libSetupPayloadParser.SetupPayloadParser-JNI.cpp.o
 .group         0x0000000000000000        0x8 obj/src/setup_payload/java/libSetupPayloadParser.SetupPayloadParser-JNI.cpp.o
 .group         0x0000000000000000        0x8 obj/src/setup_payload/java/libSetupPayloadParser.SetupPayloadParser-JNI.cpp.o
 .group         0x0000000000000000        0x8 obj/src/setup_payload/java/libSetupPayloadParser.SetupPayloadParser-JNI.cpp.o
 .group         0x0000000000000000        0x8 obj/src/setup_payload/java/libSetupPayloadParser.SetupPayloadParser-JNI.cpp.o
 .group         0x0000000000000000        0x8 obj/src/setup_payload/java/libSetupPayloadParser.SetupPayloadParser-JNI.cpp.o
 .group         0x0000000000000000        0x8 obj/src/setup_payload/java/libSetupPayloadParser.SetupPayloadParser-JNI.cpp.o
 .group         0x0000000000000000        0x8 obj/src/setup_payload/java/libSetupPayloadParser.SetupPayloadParser-JNI.cpp.o
 .group         0x0000000000000000        0x8 obj/src/setup_payload/java/libSetupPayloadParser.SetupPayloadParser-JNI.cpp.o
[...]
Memory Configuration

Name             Origin             Length             Attributes
*default*        0x0000000000000000 0xffffffffffffffff

Linker script and memory map

LOAD /opt/android/android-ndk-r21b/toolchains/llvm/prebuilt/linux-x86_64/bin/../sysroot/usr/lib/aarch64-linux-android/24/crtbegin_so.o
START GROUP
LOAD obj/src/setup_payload/java/libSetupPayloadParser.SetupPayloadParser-JNI.cpp.o
LOAD obj/src/lwip/standalone/lwip.sys_arch.c.o
LOAD obj/third_party/lwip/repo/lwip/src/core/lwip.def.c.o
LOAD obj/third_party/lwip/repo/lwip/src/core/lwip.dns.c.o
LOAD obj/third_party/lwip/repo/lwip/src/core/lwip.inet_chksum.c.o
LOAD obj/third_party/lwip/repo/lwip/src/core/lwip.init.c.o
LOAD obj/third_party/lwip/repo/lwip/src/core/lwip.ip.c.o
LOAD obj/third_party/lwip/repo/lwip/src/core/lwip.mem.c.o
LOAD obj/third_party/lwip/repo/lwip/src/core/lwip.memp.c.o
LOAD obj/third_party/lwip/repo/lwip/src/core/lwip.netif.c.o
LOAD obj/third_party/lwip/repo/lwip/src/core/lwip.pbuf.c.o
LOAD obj/third_party/lwip/repo/lwip/src/core/lwip.raw.c.o
LOAD obj/third_party/lwip/repo/lwip/src/core/lwip.stats.c.o
LOAD obj/third_party/lwip/repo/lwip/src/core/lwip.sys.c.o
LOAD obj/third_party/lwip/repo/lwip/src/core/lwip.tcp.c.o
LOAD obj/third_party/lwip/repo/lwip/src/core/lwip.tcp_in.c.o
LOAD obj/third_party/lwip/repo/lwip/src/core/lwip.tcp_out.c.o
LOAD obj/third_party/lwip/repo/lwip/src/core/lwip.timeouts.c.o
LOAD obj/third_party/lwip/repo/lwip/src/core/lwip.udp.c.o
LOAD obj/third_party/lwip/repo/lwip/src/core/ipv4/lwip.autoip.c.o
LOAD obj/third_party/lwip/repo/lwip/src/core/ipv4/lwip.dhcp.c.o
LOAD obj/third_party/lwip/repo/lwip/src/core/ipv4/lwip.etharp.c.o
LOAD obj/third_party/lwip/repo/lwip/src/core/ipv4/lwip.icmp.c.o
LOAD obj/third_party/lwip/repo/lwip/src/core/ipv4/lwip.igmp.c.o
LOAD obj/third_party/lwip/repo/lwip/src/core/ipv4/lwip.ip4.c.o
LOAD obj/third_party/lwip/repo/lwip/src/core/ipv4/lwip.ip4_addr.c.o
LOAD obj/third_party/lwip/repo/lwip/src/core/ipv4/lwip.ip4_frag.c.o
LOAD obj/third_party/lwip/repo/lwip/src/core/ipv6/lwip.dhcp6.c.o
LOAD obj/third_party/lwip/repo/lwip/src/core/ipv6/lwip.ethip6.c.o
LOAD obj/third_party/lwip/repo/lwip/src/core/ipv6/lwip.icmp6.c.o
LOAD obj/third_party/lwip/repo/lwip/src/core/ipv6/lwip.inet6.c.o
LOAD obj/third_party/lwip/repo/lwip/src/core/ipv6/lwip.ip6.c.o
LOAD obj/third_party/lwip/repo/lwip/src/core/ipv6/lwip.ip6_addr.c.o
LOAD obj/third_party/lwip/repo/lwip/src/core/ipv6/lwip.ip6_frag.c.o
LOAD obj/third_party/lwip/repo/lwip/src/core/ipv6/lwip.ip6_route_table.c.o
LOAD obj/third_party/lwip/repo/lwip/src/core/ipv6/lwip.mld6.c.o
LOAD obj/third_party/lwip/repo/lwip/src/core/ipv6/lwip.nd6.c.o
LOAD obj/third_party/lwip/repo/lwip/src/api/lwip.api_lib.c.o
LOAD obj/third_party/lwip/repo/lwip/src/api/lwip.api_msg.c.o
LOAD obj/third_party/lwip/repo/lwip/src/api/lwip.err.c.o
LOAD obj/third_party/lwip/repo/lwip/src/api/lwip.if.c.o
LOAD obj/third_party/lwip/repo/lwip/src/api/lwip.netbuf.c.o
LOAD obj/third_party/lwip/repo/lwip/src/api/lwip.netdb.c.o
LOAD obj/third_party/lwip/repo/lwip/src/api/lwip.netifapi.c.o
LOAD obj/third_party/lwip/repo/lwip/src/api/lwip.sockets.c.o
LOAD obj/third_party/lwip/repo/lwip/src/api/lwip.tcpip.c.o
LOAD obj/third_party/lwip/repo/lwip/src/netif/lwip.ethernet.c.o
LOAD obj/third_party/lwip/repo/lwip/src/netif/lwip.lowpan6.c.o
LOAD lib/libCHIP.a
LOAD obj/src/setup_payload/lib/libSetupPayload.a
LOAD obj/src/lib/core/lib/libChipCore.a
LOAD obj/src/ble/lib/libBleLayer.a
LOAD obj/src/inet/lib/libInetLayer.a
LOAD obj/src/lib/support/lib/libSupportLayer.a
LOAD lib/libnlfaultinjection.a
LOAD obj/src/system/lib/libSystemLayer.a
LOAD /opt/android/android-ndk-r21b/toolchains/llvm/prebuilt/linux-x86_64/bin/../sysroot/usr/lib/aarch64-linux-android/24/liblog.so
END GROUP
LOAD /opt/android/android-ndk-r21b/toolchains/llvm/prebuilt/linux-x86_64/bin/../sysroot/usr/lib/aarch64-linux-android/24/libc++.so
LOAD /opt/android/android-ndk-r21b/toolchains/llvm/prebuilt/linux-x86_64/bin/../sysroot/usr/lib/aarch64-linux-android/libc++_shared.so
LOAD /opt/android/android-ndk-r21b/toolchains/llvm/prebuilt/linux-x86_64/bin/../sysroot/usr/lib/aarch64-linux-android/24/libm.so
LOAD /opt/android/android-ndk-r21b/toolchains/llvm/prebuilt/linux-x86_64/bin/../lib/gcc/aarch64-linux-android/4.9.x/libgcc.a
LOAD /opt/android/android-ndk-r21b/toolchains/llvm/prebuilt/linux-x86_64/bin/../sysroot/usr/lib/aarch64-linux-android/24/libcompiler_rt-extras.a
LOAD /opt/android/android-ndk-r21b/toolchains/llvm/prebuilt/linux-x86_64/bin/../lib/gcc/aarch64-linux-android/4.9.x/libgcc_real.a
LOAD /opt/android/android-ndk-r21b/toolchains/llvm/prebuilt/linux-x86_64/bin/../sysroot/usr/lib/aarch64-linux-android/24/libdl.so
LOAD /opt/android/android-ndk-r21b/toolchains/llvm/prebuilt/linux-x86_64/bin/../sysroot/usr/lib/aarch64-linux-android/24/libc.so
LOAD /opt/android/android-ndk-r21b/toolchains/llvm/prebuilt/linux-x86_64/bin/../lib/gcc/aarch64-linux-android/4.9.x/libgcc.a
LOAD /opt/android/android-ndk-r21b/toolchains/llvm/prebuilt/linux-x86_64/bin/../sysroot/usr/lib/aarch64-linux-android/24/libcompiler_rt-extras.a
LOAD /opt/android/android-ndk-r21b/toolchains/llvm/prebuilt/linux-x86_64/bin/../lib/gcc/aarch64-linux-android/4.9.x/libgcc_real.a
LOAD /opt/android/android-ndk-r21b/toolchains/llvm/prebuilt/linux-x86_64/bin/../sysroot/usr/lib/aarch64-linux-android/24/libdl.so
LOAD /opt/android/android-ndk-r21b/toolchains/llvm/prebuilt/linux-x86_64/bin/../sysroot/usr/lib/aarch64-linux-android/24/crtend_so.o
                0x0000000000000190                . = (0x0 + SIZEOF_HEADERS)

.note.gnu.build-id
 *(.note.gnu.build-id)

.hash           0x0000000000000190     0x14f8
 *(.hash)
 .hash          0x0000000000000190     0x14f8 /opt/android/android-ndk-r21b/toolchains/llvm/prebuilt/linux-x86_64/bin/../sysroot/usr/lib/aarch64-linux-android/24/crtbegin_so.o

.gnu.hash       0x0000000000001688     0x1838
 *(.gnu.hash)
 .gnu.hash      0x0000000000001688     0x1838 /opt/android/android-ndk-r21b/toolchains/llvm/prebuilt/linux-x86_64/bin/../sysroot/usr/lib/aarch64-linux-android/24/crtbegin_so.o

.dynsym         0x0000000000002ec0     0x4cc8
 *(.dynsym)
 .dynsym        0x0000000000002ec0     0x4cc8 /opt/android/android-ndk-r21b/toolchains/llvm/prebuilt/linux-x86_64/bin/../sysroot/usr/lib/aarch64-linux-android/24/crtbegin_so.o

.dynstr         0x0000000000007b88     0x954b
 *(.dynstr)
 .dynstr        0x0000000000007b88     0x954b /opt/android/android-ndk-r21b/toolchains/llvm/prebuilt/linux-x86_64/bin/../sysroot/usr/lib/aarch64-linux-android/24/crtbegin_so.o

.gnu.version    0x00000000000110d4      0x666
 *(.gnu.version)
 .gnu.version   0x00000000000110d4      0x666 /opt/android/android-ndk-r21b/toolchains/llvm/prebuilt/linux-x86_64/bin/../sysroot/usr/lib/aarch64-linux-android/24/crtbegin_so.o

.gnu.version_d  0x0000000000011740        0x0
 *(.gnu.version_d)
 .gnu.version_d
                0x0000000000011740        0x0 /opt/android/android-ndk-r21b/toolchains/llvm/prebuilt/linux-x86_64/bin/../sysroot/usr/lib/aarch64-linux-android/24/crtbegin_so.o

.gnu.version_r  0x0000000000011740       0x20
 *(.gnu.version_r)
 .gnu.version_r
                0x0000000000011740       0x20 /opt/android/android-ndk-r21b/toolchains/llvm/prebuilt/linux-x86_64/bin/../sysroot/usr/lib/aarch64-linux-android/24/crtbegin_so.o

.rela.dyn       0x0000000000011760     0x1020
 *(.rela.init)
 *(.rela.text .rela.text.* .rela.gnu.linkonce.t.*)
 *(.rela.fini)
 *(.rela.rodata .rela.rodata.* .rela.gnu.linkonce.r.*)
 *(.rela.data .rela.data.* .rela.gnu.linkonce.d.*)
 .rela.data.rel.ro
                0x0000000000011760       0x18 /opt/android/android-ndk-r21b/toolchains/llvm/prebuilt/linux-x86_64/bin/../sysroot/usr/lib/aarch64-linux-android/24/crtbegin_so.o
 .rela.data.rel.ro.memp_RAW_PCB
                0x0000000000011778       0x60 /opt/android/android-ndk-r21b/toolchains/llvm/prebuilt/linux-x86_64/bin/../sysroot/usr/lib/aarch64-linux-android/24/crtbegin_so.o
 .rela.data.rel.ro.memp_UDP_PCB
                0x00000000000117d8       0x60 /opt/android/android-ndk-r21b/toolchains/llvm/prebuilt/linux-x86_64/bin/../sysroot/usr/lib/aarch64-linux-android/24/crtbegin_so.o
 .rela.data.rel.ro.memp_TCP_PCB
                0x0000000000011838       0x60 /opt/android/android-ndk-r21b/toolchains/llvm/prebuilt/linux-x86_64/bin/../sysroot/usr/lib/aarch64-linux-android/24/crtbegin_so.o
 .rela.data.rel.ro.memp_TCP_PCB_LISTEN
                0x0000000000011898       0x60 /opt/android/android-ndk-r21b/toolchains/llvm/prebuilt/linux-x86_64/bin/../sysroot/usr/lib/aarch64-linux-android/24/crtbegin_so.o
 .rela.data.rel.ro.memp_TCP_SEG
                0x00000000000118f8       0x60 /opt/android/android-ndk-r21b/toolchains/llvm/prebuilt/linux-x86_64/bin/../sysroot/usr/lib/aarch64-linux-android/24/crtbegin_so.o
 .rela.data.rel.ro.memp_REASSDATA
                0x0000000000011958       0x60 /opt/android/android-ndk-r21b/toolchains/llvm/prebuilt/linux-x86_64/bin/../sysroot/usr/lib/aarch64-linux-android/24/crtbegin_so.o
 .rela.data.rel.ro.memp_FRAG_PBUF
                0x00000000000119b8       0x60 /opt/android/android-ndk-r21b/toolchains/llvm/prebuilt/linux-x86_64/bin/../sysroot/usr/lib/aarch64-linux-android/24/crtbegin_so.o
 .rela.data.rel.ro.memp_TCPIP_MSG_API
                0x0000000000011a18       0x60 /opt/android/android-ndk-r21b/toolchains/llvm/prebuilt/linux-x86_64/bin/../sysroot/usr/lib/aarch64-linux-android/24/crtbegin_so.o
 .rela.data.rel.ro.memp_TCPIP_MSG_INPKT
                0x0000000000011a78       0x60 /opt/android/android-ndk-r21b/toolchains/llvm/prebuilt/linux-x86_64/bin/../sysroot/usr/lib/aarch64-linux-android/24/crtbegin_so.o
 .rela.data.rel.ro.memp_IGMP_GROUP
                0x0000000000011ad8       0x60 /opt/android/android-ndk-r21b/toolchains/llvm/prebuilt/linux-x86_64/bin/../sysroot/usr/lib/aarch64-linux-android/24/crtbegin_so.o
 .rela.data.rel.ro.memp_SYS_TIMEOUT
                0x0000000000011b38       0x60 /opt/android/android-ndk-r21b/toolchains/llvm/prebuilt/linux-x86_64/bin/../sysroot/usr/lib/aarch64-linux-android/24/crtbegin_so.o
 .rela.data.rel.ro.memp_ND6_QUEUE
                0x0000000000011b98       0x60 /opt/android/android-ndk-r21b/toolchains/llvm/prebuilt/linux-x86_64/bin/../sysroot/usr/lib/aarch64-linux-android/24/crtbegin_so.o
 .rela.data.rel.ro.memp_IP6_REASSDATA
                0x0000000000011bf8       0x60 /opt/android/android-ndk-r21b/toolchains/llvm/prebuilt/linux-x86_64/bin/../sysroot/usr/lib/aarch64-linux-android/24/crtbegin_so.o
 .rela.data.rel.ro.memp_MLD6_GROUP
                0x0000000000011c58       0x60 /opt/android/android-ndk-r21b/toolchains/llvm/prebuilt/linux-x86_64/bin/../sysroot/usr/lib/aarch64-linux-android/24/crtbegin_so.o
 .rela.data.rel.ro.memp_PBUF
                0x0000000000011cb8       0x60 /opt/android/android-ndk-r21b/toolchains/llvm/prebuilt/linux-x86_64/bin/../sysroot/usr/lib/aarch64-linux-android/24/crtbegin_so.o
 .rela.data.rel.ro.memp_PBUF_POOL
                0x0000000000011d18       0x60 /opt/android/android-ndk-r21b/toolchains/llvm/prebuilt/linux-x86_64/bin/../sysroot/usr/lib/aarch64-linux-android/24/crtbegin_so.o
 .rela.data.rel.ro.memp_pools
                0x0000000000011d78      0x180 /opt/android/android-ndk-r21b/toolchains/llvm/prebuilt/linux-x86_64/bin/../sysroot/usr/lib/aarch64-linux-android/24/crtbegin_so.o
 .rela.data.rel.ro.tcp_pcb_lists
                0x0000000000011ef8       0x60 /opt/android/android-ndk-r21b/toolchains/llvm/prebuilt/linux-x86_64/bin/../sysroot/usr/lib/aarch64-linux-android/24/crtbegin_so.o
 .rela.data.rel.ro.tcp_state_str
                0x0000000000011f58      0x108 /opt/android/android-ndk-r21b/toolchains/llvm/prebuilt/linux-x86_64/bin/../sysroot/usr/lib/aarch64-linux-android/24/crtbegin_so.o
 .rela.data.rel.ro.lwip_cyclic_timers
                0x0000000000012060       0xd8 /opt/android/android-ndk-r21b/toolchains/llvm/prebuilt/linux-x86_64/bin/../sysroot/usr/lib/aarch64-linux-android/24/crtbegin_so.o
 .rela.data.err_strerr
                0x0000000000012138      0x198 /opt/android/android-ndk-r21b/toolchains/llvm/prebuilt/linux-x86_64/bin/../sysroot/usr/lib/aarch64-linux-android/24/crtbegin_so.o
 *(.rela.tdata .rela.tdata.* .rela.gnu.linkonce.td.*)
 *(.rela.tbss .rela.tbss.* .rela.gnu.linkonce.tb.*)
 *(.rela.ctors)
 *(.rela.dtors)
 *(.rela.got)
 .rela.got      0x00000000000122d0      0x480 /opt/android/android-ndk-r21b/toolchains/llvm/prebuilt/linux-x86_64/bin/../sysroot/usr/lib/aarch64-linux-android/24/crtbegin_so.o
 *(.rela.bss .rela.bss.* .rela.gnu.linkonce.b.*)
 *(.rela.ifunc)
 .rela.ifunc    0x0000000000012750        0x0 /opt/android/android-ndk-r21b/toolchains/llvm/prebuilt/linux-x86_64/bin/../sysroot/usr/lib/aarch64-linux-android/24/crtbegin_so.o
 .rela.fini_array.0
                0x0000000000012750       0x18 /opt/android/android-ndk-r21b/toolchains/llvm/prebuilt/linux-x86_64/bin/../sysroot/usr/lib/aarch64-linux-android/24/crtbegin_so.o
 .rela.fini_array
                0x0000000000012768       0x18 /opt/android/android-ndk-r21b/toolchains/llvm/prebuilt/linux-x86_64/bin/../sysroot/usr/lib/aarch64-linux-android/24/crtbegin_so.o

.rela.plt       0x0000000000012780     0x3690
 *(.rela.plt)
 .rela.plt      0x0000000000012780     0x3690 /opt/android/android-ndk-r21b/toolchains/llvm/prebuilt/linux-x86_64/bin/../sysroot/usr/lib/aarch64-linux-android/24/crtbegin_so.o
 *(.rela.iplt)

.init
 *(SORT(.init))

.plt            0x0000000000015e10     0x2480
 *(.plt)
 .plt           0x0000000000015e10     0x2480 /opt/android/android-ndk-r21b/toolchains/llvm/prebuilt/linux-x86_64/bin/../sysroot/usr/lib/aarch64-linux-android/24/crtbegin_so.o
 *(.iplt)

.text           0x0000000000018290    0x56a04
 *(.text.unlikely .text.*_unlikely .text.unlikely.*)
 *(.text.exit .text.exit.*)
 *(.text.startup .text.startup.*)
 *(.text.hot .text.hot.*)
 *(.text .stub .text.* .gnu.linkonce.t.*)
 .text          0x0000000000018290       0x48 /opt/android/android-ndk-r21b/toolchains/llvm/prebuilt/linux-x86_64/bin/../sysroot/usr/lib/aarch64-linux-android/24/crtbegin_so.o
                0x000000000001829c                __emutls_unregister_key
                0x00000000000182a4                __atexit_handler_wrapper
                0x00000000000182b0                atexit
                0x00000000000182cc                pthread_atfork
 .text.JNI_OnLoad
                0x00000000000182d8       0x64 obj/src/setup_payload/java/libSetupPayloadParser.SetupPayloadParser-JNI.cpp.o
                0x00000000000182d8                JNI_OnLoad
 .text.Java_chip_setuppayload_SetupPayloadParser_fetchPayloadFromQrCode
                0x000000000001833c       0xd0 obj/src/setup_payload/java/libSetupPayloadParser.SetupPayloadParser-JNI.cpp.o
                0x000000000001833c                Java_chip_setuppayload_SetupPayloadParser_fetchPayloadFromQrCode
 .text._ZN4chip12SetupPayloadC2Ev
                0x000000000001840c       0x64 obj/src/setup_payload/java/libSetupPayloadParser.SetupPayloadParser-JNI.cpp.o
                0x000000000001840c                chip::SetupPayload::SetupPayload()
 .text._ZN7_JNIEnv17GetStringUTFCharsEP8_jstringPh
                0x0000000000018470       0x40 obj/src/setup_payload/java/libSetupPayloadParser.SetupPayloadParser-JNI.cpp.o
                0x0000000000018470                _JNIEnv::GetStringUTFChars(_jstring*, unsigned char*)
 .text._ZNSt6__ndk112basic_stringIcNS_11char_traitsIcEENS_9allocatorIcEEEC2IDnEEPKc
                0x00000000000184b0       0x58 obj/src/setup_payload/java/libSetupPayloadParser.SetupPayloadParser-JNI.cpp.o
                0x00000000000184b0                std::__ndk1::basic_string<char, std::__ndk1::char_traits<char>, std::__ndk1::allocator<char> >::basic_string<decltype(nullptr)>(char const*)
 .text._ZN4chip24QRCodeSetupPayloadParserC2ENSt6__ndk112basic_stringIcNS1_11char_traitsIcEENS1_9allocatorIcEEEE
                0x0000000000018508       0x40 obj/src/setup_payload/java/libSetupPayloadParser.SetupPayloadParser-JNI.cpp.o
                0x0000000000018508                chip::QRCodeSetupPayloadParser::QRCodeSetupPayloadParser(std::__ndk1::basic_string<char, std::__ndk1::char_traits<char>, std::__ndk1::allocator<char> >)
 .text._ZNSt6__ndk112basic_stringIcNS_11char_traitsIcEENS_9allocatorIcEEED2Ev
                0x0000000000018548       0x74 obj/src/setup_payload/java/libSetupPayloadParser.SetupPayloadParser-JNI.cpp.o
                0x0000000000018548                std::__ndk1::basic_string<char, std::__ndk1::char_traits<char>, std::__ndk1::allocator<char> >::~basic_string()
 .text._ZL21TransformSetupPayloadP7_JNIEnvRN4chip12SetupPayloadE
                0x00000000000185bc      0x544 obj/src/setup_payload/java/libSetupPayloadParser.SetupPayloadParser-JNI.cpp.o
 .text._ZN4chip12SetupPayloadD2Ev
                0x0000000000018b00       0x40 obj/src/setup_payload/java/libSetupPayloadParser.SetupPayloadParser-JNI.cpp.o
                0x0000000000018b00                chip::SetupPayload::~SetupPayload()
 .text.Java_chip_setuppayload_SetupPayloadParser_fetchPayloadFromManualEntryCode
                0x0000000000018b40       0xd0 obj/src/setup_payload/java/libSetupPayloadParser.SetupPayloadParser-JNI.cpp.o
                0x0000000000018b40                Java_chip_setuppayload_SetupPayloadParser_fetchPayloadFromManualEntryCode
 .text._ZN4chip24ManualSetupPayloadParserC2ENSt6__ndk112basic_stringIcNS1_11char_traitsIcEENS1_9allocatorIcEEEE
                0x0000000000018c10       0x40 obj/src/setup_payload/java/libSetupPayloadParser.SetupPayloadParser-JNI.cpp.o
                0x0000000000018c10                chip::ManualSetupPayloadParser::ManualSetupPayloadParser(std::__ndk1::basic_string<char, std::__ndk1::char_traits<char>, std::__ndk1::allocator<char> >)
 .text._ZNSt6__ndk13mapIhN4chip18OptionalQRCodeInfoENS_4lessIhEENS_9allocatorINS_4pairIKhS2_EEEEEC2Ev
                0x0000000000018c50       0x44 obj/src/setup_payload/java/libSetupPayloadParser.SetupPayloadParser-JNI.cpp.o
                0x0000000000018c50                std::__ndk1::map<unsigned char, chip::OptionalQRCodeInfo, std::__ndk1::less<unsigned char>, std::__ndk1::allocator<std::__ndk1::pair<unsigned char const, chip::OptionalQRCodeInfo> > >::map()
 .text._ZNSt6__ndk13mapIhN4chip27OptionalQRCodeInfoExtensionENS_4lessIhEENS_9allocatorINS_4pairIKhS2_EEEEEC2Ev
                0x0000000000018c94       0x44 obj/src/setup_payload/java/libSetupPayloadParser.SetupPayloadParser-JNI.cpp.o
                0x0000000000018c94                std::__ndk1::map<unsigned char, chip::OptionalQRCodeInfoExtension, std::__ndk1::less<unsigned char>, std::__ndk1::allocator<std::__ndk1::pair<unsigned char const, chip::OptionalQRCodeInfoExtension> > >::map()
 .text._ZNSt6__ndk119__map_value_compareIhNS_12__value_typeIhN4chip18OptionalQRCodeInfoEEENS_4lessIhEELb1EEC2ES6_
                0x0000000000018cd8       0x14 obj/src/setup_payload/java/libSetupPayloadParser.SetupPayloadParser-JNI.cpp.o
                0x0000000000018cd8                std::__ndk1::__map_value_compare<unsigned char, std::__ndk1::__value_type<unsigned char, chip::OptionalQRCodeInfo>, std::__ndk1::less<unsigned char>, true>::__map_value_compare(std::__ndk1::less<unsigned char>)
 .text._ZNSt6__ndk16__treeINS_12__value_typeIhN4chip18OptionalQRCodeInfoEEENS_19__map_value_compareIhS4_NS_4lessIhEELb1EEENS_9allocatorIS4_EEEC2ERKS8_
                0x0000000000018cec       0x78 obj/src/setup_payload/java/libSetupPayloadParser.SetupPayloadParser-JNI.cpp.o
                0x0000000000018cec                std::__ndk1::__tree<std::__ndk1::__value_type<unsigned char, chip::OptionalQRCodeInfo>, std::__ndk1::__map_value_compare<unsigned char, std::__ndk1::__value_type<unsigned char, chip::OptionalQRCodeInfo>, std::__ndk1::less<unsigned char>, true>, std::__ndk1::allocator<std::__ndk1::__value_type<unsigned char, chip::OptionalQRCodeInfo> > >::__tree(std::__ndk1::__map_value_compare<unsigned char, std::__ndk1::__value_type<unsigned char, chip::OptionalQRCodeInfo>, std::__ndk1::less<unsigned char>, true> const&)
 .text._ZNSt6__ndk117__compressed_pairINS_15__tree_end_nodeIPNS_16__tree_node_baseIPvEEEENS_9allocatorINS_11__tree_nodeINS_12__value_typeIhN4chip18OptionalQRCodeInfoEEES3_EEEEEC2ILb1EvEEv
                0x0000000000018d64       0x34 obj/src/setup_payload/java/libSetupPayloadParser.SetupPayloadParser-JNI.cpp.o
                0x0000000000018d64                std::__ndk1::__compressed_pair<std::__ndk1::__tree_end_node<std::__ndk1::__tree_node_base<void*>*>, std::__ndk1::allocator<std::__ndk1::__tree_node<std::__ndk1::__value_type<unsigned char, chip::OptionalQRCodeInfo>, void*> > >::__compressed_pair<true, void>()
 .text._ZNSt6__ndk117__compressed_pairImNS_19__map_value_compareIhNS_12__value_typeIhN4chip18OptionalQRCodeInfoEEENS_4lessIhEELb1EEEEC2IiRKS8_EEOT_OT0_
                0x0000000000018d98       0x64 obj/src/setup_payload/java/libSetupPayloadParser.SetupPayloadParser-JNI.cpp.o
                0x0000000000018d98                std::__ndk1::__compressed_pair<unsigned long, std::__ndk1::__map_value_compare<unsigned char, std::__ndk1::__value_type<unsigned char, chip::OptionalQRCodeInfo>, std::__ndk1::less<unsigned char>, true> >::__compressed_pair<int, std::__ndk1::__map_value_compare<unsigned char, std::__ndk1::__value_type<unsigned char, chip::OptionalQRCodeInfo>, std::__ndk1::less<unsigned char>, true> const&>(int&&, std::__ndk1::__map_value_compare<unsigned char, std::__ndk1::__value_type<unsigned char, chip::OptionalQRCodeInfo>, std::__ndk1::less<unsigned char>, true> const&)
 .text._ZNSt6__ndk16__treeINS_12__value_typeIhN4chip18OptionalQRCodeInfoEEENS_19__map_value_compareIhS4_NS_4lessIhEELb1EEENS_9allocatorIS4_EEE10__end_nodeEv
                0x0000000000018dfc       0x30 obj/src/setup_payload/java/libSetupPayloadParser.SetupPayloadParser-JNI.cpp.o
                0x0000000000018dfc                std::__ndk1::__tree<std::__ndk1::__value_type<unsigned char, chip::OptionalQRCodeInfo>, std::__ndk1::__map_value_compare<unsigned char, std::__ndk1::__value_type<unsigned char, chip::OptionalQRCodeInfo>, std::__ndk1::less<unsigned char>, true>, std::__ndk1::allocator<std::__ndk1::__value_type<unsigned char, chip::OptionalQRCodeInfo> > >::__end_node()
 .text._ZNSt6__ndk16__treeINS_12__value_typeIhN4chip18OptionalQRCodeInfoEEENS_19__map_value_compareIhS4_NS_4lessIhEELb1EEENS_9allocatorIS4_EEE12__begin_nodeEv
                0x0000000000018e2c       0x14 obj/src/setup_payload/java/libSetupPayloadParser.SetupPayloadParser-JNI.cpp.o
                0x0000000000018e2c                std::__ndk1::__tree<std::__ndk1::__value_type<unsigned char, chip::OptionalQRCodeInfo>, std::__ndk1::__map_value_compare<unsigned char, std::__ndk1::__value_type<unsigned char, chip::OptionalQRCodeInfo>, std::__ndk1::less<unsigned char>, true>, std::__ndk1::allocator<std::__ndk1::__value_type<unsigned char, chip::OptionalQRCodeInfo> > >::__begin_node()
 .text._ZNSt6__ndk122__compressed_pair_elemINS_15__tree_end_nodeIPNS_16__tree_node_baseIPvEEEELi0ELb0EEC2Ev
                0x0000000000018e40       0x24 obj/src/setup_payload/java/libSetupPayloadParser.SetupPayloadParser-JNI.cpp.o
                0x0000000000018e40                std::__ndk1::__compressed_pair_elem<std::__ndk1::__tree_end_node<std::__ndk1::__tree_node_base<void*>*>, 0, false>::__compressed_pair_elem()
 .text._ZNSt6__ndk122__compressed_pair_elemINS_9allocatorINS_11__tree_nodeINS_12__value_typeIhN4chip18OptionalQRCodeInfoEEEPvEEEELi1ELb1EEC2Ev
                0x0000000000018e64       0x24 obj/src/setup_payload/java/libSetupPayloadParser.SetupPayloadParser-JNI.cpp.o
                0x0000000000018e64                std::__ndk1::__compressed_pair_elem<std::__ndk1::allocator<std::__ndk1::__tree_node<std::__ndk1::__value_type<unsigned char, chip::OptionalQRCodeInfo>, void*> >, 1, true>::__compressed_pair_elem()
 .text._ZNSt6__ndk115__tree_end_nodeIPNS_16__tree_node_baseIPvEEEC2Ev
                0x0000000000018e88       0x1c obj/src/setup_payload/java/libSetupPayloadParser.SetupPayloadParser-JNI.cpp.o
                0x0000000000018e88                std::__ndk1::__tree_end_node<std::__ndk1::__tree_node_base<void*>*>::__tree_end_node()
 .text._ZNSt6__ndk19allocatorINS_11__tree_nodeINS_12__value_typeIhN4chip18OptionalQRCodeInfoEEEPvEEEC2Ev
                0x0000000000018ea4       0x10 obj/src/setup_payload/java/libSetupPayloadParser.SetupPayloadParser-JNI.cpp.o
                0x0000000000018ea4                std::__ndk1::allocator<std::__ndk1::__tree_node<std::__ndk1::__value_type<unsigned char, chip::OptionalQRCodeInfo>, void*> >::allocator()
 .text._ZNSt6__ndk17forwardIiEEOT_RNS_16remove_referenceIS1_E4typeE
                0x0000000000018eb4       0x14 obj/src/setup_payload/java/libSetupPayloadParser.SetupPayloadParser-JNI.cpp.o
                0x0000000000018eb4                int&& std::__ndk1::forward<int>(std::__ndk1::remove_reference<int>::type&)
 .text._ZNSt6__ndk122__compressed_pair_elemImLi0ELb0EEC2IivEEOT_
                0x0000000000018ec8       0x3c obj/src/setup_payload/java/libSetupPayloadParser.SetupPayloadParser-JNI.cpp.o
                0x0000000000018ec8                std::__ndk1::__compressed_pair_elem<unsigned long, 0, false>::__compressed_pair_elem<int, void>(int&&)
 .text._ZNSt6__ndk17forwardIRKNS_19__map_value_compareIhNS_12__value_typeIhN4chip18OptionalQRCodeInfoEEENS_4lessIhEELb1EEEEEOT_RNS_16remove_referenceISB_E4typeE
                0x0000000000018f04       0x14 obj/src/setup_payload/java/libSetupPayloadParser.SetupPayloadParser-JNI.cpp.o
                0x0000000000018f04                std::__ndk1::__map_value_compare<unsigned char, std::__ndk1::__value_type<unsigned char, chip::OptionalQRCodeInfo>, std::__ndk1::less<unsigned char>, true> const& std::__ndk1::forward<std::__ndk1::__map_value_compare<unsigned char, std::__ndk1::__value_type<unsigned char, chip::OptionalQRCodeInfo>, std::__ndk1::less<unsigned char>, true> const&>(std::__ndk1::remove_reference<std::__ndk1::__map_value_compare<unsigned char, std::__ndk1::__value_type<unsigned char, chip::OptionalQRCodeInfo>, std::__ndk1::less<unsigned char>, true> const&>::type&)
 .text._ZNSt6__ndk122__compressed_pair_elemINS_19__map_value_compareIhNS_12__value_typeIhN4chip18OptionalQRCodeInfoEEENS_4lessIhEELb1EEELi1ELb1EEC2IRKS8_vEEOT_
                0x0000000000018f18       0x28 obj/src/setup_payload/java/libSetupPayloadParser.SetupPayloadParser-JNI.cpp.o
                0x0000000000018f18                std::__ndk1::__compressed_pair_elem<std::__ndk1::__map_value_compare<unsigned char, std::__ndk1::__value_type<unsigned char, chip::OptionalQRCodeInfo>, std::__ndk1::less<unsigned char>, true>, 1, true>::__compressed_pair_elem<std::__ndk1::__map_value_compare<unsigned char, std::__ndk1::__value_type<unsigned char, chip::OptionalQRCodeInfo>, std::__ndk1::less<unsigned char>, true> const&, void>(std::__ndk1::__map_value_compare<unsigned char, std::__ndk1::__value_type<unsigned char, chip::OptionalQRCodeInfo>, std::__ndk1::less<unsigned char>, true> const&)
 .text._ZNSt6__ndk114pointer_traitsIPNS_15__tree_end_nodeIPNS_16__tree_node_baseIPvEEEEE10pointer_toERS6_
                0x0000000000018f40       0x24 obj/src/setup_payload/java/libSetupPayloadParser.SetupPayloadParser-JNI.cpp.o
                0x0000000000018f40                std::__ndk1::pointer_traits<std::__ndk1::__tree_end_node<std::__ndk1::__tree_node_base<void*>*>*>::pointer_to(std::__ndk1::__tree_end_node<std::__ndk1::__tree_node_base<void*>*>&)
 .text._ZNSt6__ndk117__compressed_pairINS_15__tree_end_nodeIPNS_16__tree_node_baseIPvEEEENS_9allocatorINS_11__tree_nodeINS_12__value_typeIhN4chip18OptionalQRCodeInfoEEES3_EEEEE5firstEv
                0x0000000000018f64       0x24 obj/src/setup_payload/java/libSetupPayloadParser.SetupPayloadParser-JNI.cpp.o
                0x0000000000018f64                std::__ndk1::__compressed_pair<std::__ndk1::__tree_end_node<std::__ndk1::__tree_node_base<void*>*>, std::__ndk1::allocator<std::__ndk1::__tree_node<std::__ndk1::__value_type<unsigned char, chip::OptionalQRCodeInfo>, void*> > >::first()
 .text._ZNSt6__ndk19addressofINS_15__tree_end_nodeIPNS_16__tree_node_baseIPvEEEEEEPT_RS7_
                0x0000000000018f88       0x14 obj/src/setup_payload/java/libSetupPayloadParser.SetupPayloadParser-JNI.cpp.o
                0x0000000000018f88                std::__ndk1::__tree_end_node<std::__ndk1::__tree_node_base<void*>*>* std::__ndk1::addressof<std::__ndk1::__tree_end_node<std::__ndk1::__tree_node_base<void*>*> >(std::__ndk1::__tree_end_node<std::__ndk1::__tree_node_base<void*>*>&)
 .text._ZNSt6__ndk122__compressed_pair_elemINS_15__tree_end_nodeIPNS_16__tree_node_baseIPvEEEELi0ELb0EE5__getEv
                0x0000000000018f9c       0x14 obj/src/setup_payload/java/libSetupPayloadParser.SetupPayloadParser-JNI.cpp.o
                0x0000000000018f9c                std::__ndk1::__compressed_pair_elem<std::__ndk1::__tree_end_node<std::__ndk1::__tree_node_base<void*>*>, 0, false>::__get()
 .text._ZNSt6__ndk119__map_value_compareIhNS_12__value_typeIhN4chip27OptionalQRCodeInfoExtensionEEENS_4lessIhEELb1EEC2ES6_
                0x0000000000018fb0       0x14 obj/src/setup_payload/java/libSetupPayloadParser.SetupPayloadParser-JNI.cpp.o
                0x0000000000018fb0                std::__ndk1::__map_value_compare<unsigned char, std::__ndk1::__value_type<unsigned char, chip::OptionalQRCodeInfoExtension>, std::__ndk1::less<unsigned char>, true>::__map_value_compare(std::__ndk1::less<unsigned char>)
 .text._ZNSt6__ndk16__treeINS_12__value_typeIhN4chip27OptionalQRCodeInfoExtensionEEENS_19__map_value_compareIhS4_NS_4lessIhEELb1EEENS_9allocatorIS4_EEEC2ERKS8_
                0x0000000000018fc4       0x78 obj/src/setup_payload/java/libSetupPayloadParser.SetupPayloadParser-JNI.cpp.o
                0x0000000000018fc4                std::__ndk1::__tree<std::__ndk1::__value_type<unsigned char, chip::OptionalQRCodeInfoExtension>, std::__ndk1::__map_value_compare<unsigned char, std::__ndk1::__value_type<unsigned char, chip::OptionalQRCodeInfoExtension>, std::__ndk1::less<unsigned char>, true>, std::__ndk1::allocator<std::__ndk1::__value_type<unsigned char, chip::OptionalQRCodeInfoExtension> > >::__tree(std::__ndk1::__map_value_compare<unsigned char, std::__ndk1::__value_type<unsigned char, chip::OptionalQRCodeInfoExtension>, std::__ndk1::less<unsigned char>, true> const&)
 .text._ZNSt6__ndk117__compressed_pairINS_15__tree_end_nodeIPNS_16__tree_node_baseIPvEEEENS_9allocatorINS_11__tree_nodeINS_12__value_typeIhN4chip27OptionalQRCodeInfoExtensionEEES3_EEEEEC2ILb1EvEEv
                0x000000000001903c       0x34 obj/src/setup_payload/java/libSetupPayloadParser.SetupPayloadParser-JNI.cpp.o
                0x000000000001903c                std::__ndk1::__compressed_pair<std::__ndk1::__tree_end_node<std::__ndk1::__tree_node_base<void*>*>, std::__ndk1::allocator<std::__ndk1::__tree_node<std::__ndk1::__value_type<unsigned char, chip::OptionalQRCodeInfoExtension>, void*> > >::__compressed_pair<true, void>()
 .text._ZNSt6__ndk117__compressed_pairImNS_19__map_value_compareIhNS_12__value_typeIhN4chip27OptionalQRCodeInfoExtensionEEENS_4lessIhEELb1EEEEC2IiRKS8_EEOT_OT0_
                0x0000000000019070       0x64 obj/src/setup_payload/java/libSetupPayloadParser.SetupPayloadParser-JNI.cpp.o
                0x0000000000019070                std::__ndk1::__compressed_pair<unsigned long, std::__ndk1::__map_value_compare<unsigned char, std::__ndk1::__value_type<unsigned char, chip::OptionalQRCodeInfoExtension>, std::__ndk1::less<unsigned char>, true> >::__compressed_pair<int, std::__ndk1::__map_value_compare<unsigned char, std::__ndk1::__value_type<unsigned char, chip::OptionalQRCodeInfoExtension>, std::__ndk1::less<unsigned char>, true> const&>(int&&, std::__ndk1::__map_value_compare<unsigned char, std::__ndk1::__value_type<unsigned char, chip::OptionalQRCodeInfoExtension>, std::__ndk1::less<unsigned char>, true> const&)
 .text._ZNSt6__ndk16__treeINS_12__value_typeIhN4chip27OptionalQRCodeInfoExtensionEEENS_19__map_value_compareIhS4_NS_4lessIhEELb1EEENS_9allocatorIS4_EEE10__end_nodeEv
                0x00000000000190d4       0x30 obj/src/setup_payload/java/libSetupPayloadParser.SetupPayloadParser-JNI.cpp.o
                0x00000000000190d4                std::__ndk1::__tree<std::__ndk1::__value_type<unsigned char, chip::OptionalQRCodeInfoExtension>, std::__ndk1::__map_value_compare<unsigned char, std::__ndk1::__value_type<unsigned char, chip::OptionalQRCodeInfoExtension>, std::__ndk1::less<unsigned char>, true>, std::__ndk1::allocator<std::__ndk1::__value_type<unsigned char, chip::OptionalQRCodeInfoExtension> > >::__end_node()
 .text._ZNSt6__ndk16__treeINS_12__value_typeIhN4chip27OptionalQRCodeInfoExtensionEEENS_19__map_value_compareIhS4_NS_4lessIhEELb1EEENS_9allocatorIS4_EEE12__begin_nodeEv
                0x0000000000019104       0x14 obj/src/setup_payload/java/libSetupPayloadParser.SetupPayloadParser-JNI.cpp.o
                0x0000000000019104                std::__ndk1::__tree<std::__ndk1::__value_type<unsigned char, chip::OptionalQRCodeInfoExtension>, std::__ndk1::__map_value_compare<unsigned char, std::__ndk1::__value_type<unsigned char, chip::OptionalQRCodeInfoExtension>, std::__ndk1::less<unsigned char>, true>, std::__ndk1::allocator<std::__ndk1::__value_type<unsigned char, chip::OptionalQRCodeInfoExtension> > >::__begin_node()
 .text._ZNSt6__ndk122__compressed_pair_elemINS_9allocatorINS_11__tree_nodeINS_12__value_typeIhN4chip27OptionalQRCodeInfoExtensionEEEPvEEEELi1ELb1EEC2Ev
                0x0000000000019118       0x24 obj/src/setup_payload/java/libSetupPayloadParser.SetupPayloadParser-JNI.cpp.o
                0x0000000000019118                std::__ndk1::__compressed_pair_elem<std::__ndk1::allocator<std::__ndk1::__tree_node<std::__ndk1::__value_type<unsigned char, chip::OptionalQRCodeInfoExtension>, void*> >, 1, true>::__compressed_pair_elem()
 .text._ZNSt6__ndk19allocatorINS_11__tree_nodeINS_12__value_typeIhN4chip27OptionalQRCodeInfoExtensionEEEPvEEEC2Ev
                0x000000000001913c       0x10 obj/src/setup_payload/java/libSetupPayloadParser.SetupPayloadParser-JNI.cpp.o
                0x000000000001913c                std::__ndk1::allocator<std::__ndk1::__tree_node<std::__ndk1::__value_type<unsigned char, chip::OptionalQRCodeInfoExtension>, void*> >::allocator()
 .text._ZNSt6__ndk17forwardIRKNS_19__map_value_compareIhNS_12__value_typeIhN4chip27OptionalQRCodeInfoExtensionEEENS_4lessIhEELb1EEEEEOT_RNS_16remove_referenceISB_E4typeE
                0x000000000001914c       0x14 obj/src/setup_payload/java/libSetupPayloadParser.SetupPayloadParser-JNI.cpp.o
                0x000000000001914c                std::__ndk1::__map_value_compare<unsigned char, std::__ndk1::__value_type<unsigned char, chip::OptionalQRCodeInfoExtension>, std::__ndk1::less<unsigned char>, true> const& std::__ndk1::forward<std::__ndk1::__map_value_compare<unsigned char, std::__ndk1::__value_type<unsigned char, chip::OptionalQRCodeInfoExtension>, std::__ndk1::less<unsigned char>, true> const&>(std::__ndk1::remove_reference<std::__ndk1::__map_value_compare<unsigned char, std::__ndk1::__value_type<unsigned char, chip::OptionalQRCodeInfoExtension>, std::__ndk1::less<unsigned char>, true> const&>::type&)
 .text._ZNSt6__ndk122__compressed_pair_elemINS_19__map_value_compareIhNS_12__value_typeIhN4chip27OptionalQRCodeInfoExtensionEEENS_4lessIhEELb1EEELi1ELb1EEC2IRKS8_vEEOT_
                0x0000000000019160       0x28 obj/src/setup_payload/java/libSetupPayloadParser.SetupPayloadParser-JNI.cpp.o
                0x0000000000019160                std::__ndk1::__compressed_pair_elem<std::__ndk1::__map_value_compare<unsigned char, std::__ndk1::__value_type<unsigned char, chip::OptionalQRCodeInfoExtension>, std::__ndk1::less<unsigned char>, true>, 1, true>::__compressed_pair_elem<std::__ndk1::__map_value_compare<unsigned char, std::__ndk1::__value_type<unsigned char, chip::OptionalQRCodeInfoExtension>, std::__ndk1::less<unsigned char>, true> const&, void>(std::__ndk1::__map_value_compare<unsigned char, std::__ndk1::__value_type<unsigned char, chip::OptionalQRCodeInfoExtension>, std::__ndk1::less<unsigned char>, true> const&)
 .text._ZNSt6__ndk117__compressed_pairINS_15__tree_end_nodeIPNS_16__tree_node_baseIPvEEEENS_9allocatorINS_11__tree_nodeINS_12__value_typeIhN4chip27OptionalQRCodeInfoExtensionEEES3_EEEEE5firstEv
                0x0000000000019188       0x24 obj/src/setup_payload/java/libSetupPayloadParser.SetupPayloadParser-JNI.cpp.o
                0x0000000000019188                std::__ndk1::__compressed_pair<std::__ndk1::__tree_end_node<std::__ndk1::__tree_node_base<void*>*>, std::__ndk1::allocator<std::__ndk1::__tree_node<std::__ndk1::__value_type<unsigned char, chip::OptionalQRCodeInfoExtension>, void*> > >::first()
 .text._ZNSt6__ndk14moveIRNS_12basic_stringIcNS_11char_traitsIcEENS_9allocatorIcEEEEEEONS_16remove_referenceIT_E4typeEOS9_
                0x00000000000191ac       0x14 obj/src/setup_payload/java/libSetupPayloadParser.SetupPayloadParser-JNI.cpp.o
                0x00000000000191ac                std::__ndk1::remove_reference<std::__ndk1::basic_string<char, std::__ndk1::char_traits<char>, std::__ndk1::allocator<char> >&>::type&& std::__ndk1::move<std::__ndk1::basic_string<char, std::__ndk1::char_traits<char>, std::__ndk1::allocator<char> >&>(std::__ndk1::basic_string<char, std::__ndk1::char_traits<char>, std::__ndk1::allocator<char> >&)
 .text._ZNSt6__ndk112basic_stringIcNS_11char_traitsIcEENS_9allocatorIcEEEC2EOS5_
                0x00000000000191c0       0x5c obj/src/setup_payload/java/libSetupPayloadParser.SetupPayloadParser-JNI.cpp.o
                0x00000000000191c0                std::__ndk1::basic_string<char, std::__ndk1::char_traits<char>, std::__ndk1::allocator<char> >::basic_string(std::__ndk1::basic_string<char, std::__ndk1::char_traits<char>, std::__ndk1::allocator<char> >&&)
 .text._ZNSt6__ndk14moveIRNS_17__compressed_pairINS_12basic_stringIcNS_11char_traitsIcEENS_9allocatorIcEEE5__repES6_EEEEONS_16remove_referenceIT_E4typeEOSC_
                0x000000000001921c       0x14 obj/src/setup_payload/java/libSetupPayloadParser.SetupPayloadParser-JNI.cpp.o
                0x000000000001921c                std::__ndk1::remove_reference<std::__ndk1::__compressed_pair<std::__ndk1::basic_string<char, std::__ndk1::char_traits<char>, std::__ndk1::allocator<char> >::__rep, std::__ndk1::allocator<char> >&>::type&& std::__ndk1::move<std::__ndk1::__compressed_pair<std::__ndk1::basic_string<char, std::__ndk1::char_traits<char>, std::__ndk1::allocator<char> >::__rep, std::__ndk1::allocator<char> >&>(std::__ndk1::__compressed_pair<std::__ndk1::basic_string<char, std::__ndk1::char_traits<char>, std::__ndk1::allocator<char> >::__rep, std::__ndk1::allocator<char> >&)
 .text._ZNSt6__ndk112basic_stringIcNS_11char_traitsIcEENS_9allocatorIcEEE6__zeroEv
                0x0000000000019230       0x68 obj/src/setup_payload/java/libSetupPayloadParser.SetupPayloadParser-JNI.cpp.o
                0x0000000000019230                std::__ndk1::basic_string<char, std::__ndk1::char_traits<char>, std::__ndk1::allocator<char> >::__zero()
 .text._ZNSt6__ndk117__compressed_pairINS_12basic_stringIcNS_11char_traitsIcEENS_9allocatorIcEEE5__repES5_E5firstEv
                0x0000000000019298       0x24 obj/src/setup_payload/java/libSetupPayloadParser.SetupPayloadParser-JNI.cpp.o
                0x0000000000019298                std::__ndk1::__compressed_pair<std::__ndk1::basic_string<char, std::__ndk1::char_traits<char>, std::__ndk1::allocator<char> >::__rep, std::__ndk1::allocator<char> >::first()
 .text._ZNSt6__ndk122__compressed_pair_elemINS_12basic_stringIcNS_11char_traitsIcEENS_9allocatorIcEEE5__repELi0ELb0EE5__getEv
                0x00000000000192bc       0x14 obj/src/setup_payload/java/libSetupPayloadParser.SetupPayloadParser-JNI.cpp.o
                0x00000000000192bc                std::__ndk1::__compressed_pair_elem<std::__ndk1::basic_string<char, std::__ndk1::char_traits<char>, std::__ndk1::allocator<char> >::__rep, 0, false>::__get()
 .text._ZNSt6__ndk13mapIhN4chip27OptionalQRCodeInfoExtensionENS_4lessIhEENS_9allocatorINS_4pairIKhS2_EEEEED2Ev
                0x00000000000192d0       0x24 obj/src/setup_payload/java/libSetupPayloadParser.SetupPayloadParser-JNI.cpp.o
                0x00000000000192d0                std::__ndk1::map<unsigned char, chip::OptionalQRCodeInfoExtension, std::__ndk1::less<unsigned char>, std::__ndk1::allocator<std::__ndk1::pair<unsigned char const, chip::OptionalQRCodeInfoExtension> > >::~map()
 .text._ZNSt6__ndk13mapIhN4chip18OptionalQRCodeInfoENS_4lessIhEENS_9allocatorINS_4pairIKhS2_EEEEED2Ev
                0x00000000000192f4       0x24 obj/src/setup_payload/java/libSetupPayloadParser.SetupPayloadParser-JNI.cpp.o
                0x00000000000192f4                std::__ndk1::map<unsigned char, chip::OptionalQRCodeInfo, std::__ndk1::less<unsigned char>, std::__ndk1::allocator<std::__ndk1::pair<unsigned char const, chip::OptionalQRCodeInfo> > >::~map()
 .text._ZNSt6__ndk16__treeINS_12__value_typeIhN4chip27OptionalQRCodeInfoExtensionEEENS_19__map_value_compareIhS4_NS_4lessIhEELb1EEENS_9allocatorIS4_EEED2Ev
                0x0000000000019318       0x40 obj/src/setup_payload/java/libSetupPayloadParser.SetupPayloadParser-JNI.cpp.o
                0x0000000000019318                std::__ndk1::__tree<std::__ndk1::__value_type<unsigned char, chip::OptionalQRCodeInfoExtension>, std::__ndk1::__map_value_compare<unsigned char, std::__ndk1::__value_type<unsigned char, chip::OptionalQRCodeInfoExtension>, std::__ndk1::less<unsigned char>, true>, std::__ndk1::allocator<std::__ndk1::__value_type<unsigned char, chip::OptionalQRCodeInfoExtension> > >::~__tree()
 .text._ZNSt6__ndk16__treeINS_12__value_typeIhN4chip27OptionalQRCodeInfoExtensionEEENS_19__map_value_compareIhS4_NS_4lessIhEELb1EEENS_9allocatorIS4_EEE7destroyEPNS_11__tree_nodeIS4_PvEE
                0x0000000000019358       0xa8 obj/src/setup_payload/java/libSetupPayloadParser.SetupPayloadParser-JNI.cpp.o
                0x0000000000019358                std::__ndk1::__tree<std::__ndk1::__value_type<unsigned char, chip::OptionalQRCodeInfoExtension>, std::__ndk1::__map_value_compare<unsigned char, std::__ndk1::__value_type<unsigned char, chip::OptionalQRCodeInfoExtension>, std::__ndk1::less<unsigned char>, true>, std::__ndk1::allocator<std::__ndk1::__value_type<unsigned char, chip::OptionalQRCodeInfoExtension> > >::destroy(std::__ndk1::__tree_node<std::__ndk1::__value_type<unsigned char, chip::OptionalQRCodeInfoExtension>, void*>*)
 .text._ZNKSt6__ndk16__treeINS_12__value_typeIhN4chip27OptionalQRCodeInfoExtensionEEENS_19__map_value_compareIhS4_NS_4lessIhEELb1EEENS_9allocatorIS4_EEE6__rootEv
                0x0000000000019400       0x28 obj/src/setup_payload/java/libSetupPayloadParser.SetupPayloadParser-JNI.cpp.o
                0x0000000000019400                std::__ndk1::__tree<std::__ndk1::__value_type<unsigned char, chip::OptionalQRCodeInfoExtension>, std::__ndk1::__map_value_compare<unsigned char, std::__ndk1::__value_type<unsigned char, chip::OptionalQRCodeInfoExtension>, std::__ndk1::less<unsigned char>, true>, std::__ndk1::allocator<std::__ndk1::__value_type<unsigned char, chip::OptionalQRCodeInfoExtension> > >::__root() const
 .text._ZNSt6__ndk16__treeINS_12__value_typeIhN4chip27OptionalQRCodeInfoExtensionEEENS_19__map_value_compareIhS4_NS_4lessIhEELb1EEENS_9allocatorIS4_EEE12__node_allocEv
                0x0000000000019428       0x2c obj/src/setup_payload/java/libSetupPayloadParser.SetupPayloadParser-JNI.cpp.o
                0x0000000000019428                std::__ndk1::__tree<std::__ndk1::__value_type<unsigned char, chip::OptionalQRCodeInfoExtension>, std::__ndk1::__map_value_compare<unsigned char, std::__ndk1::__value_type<unsigned char, chip::OptionalQRCodeInfoExtension>, std::__ndk1::less<unsigned char>, true>, std::__ndk1::allocator<std::__ndk1::__value_type<unsigned char, chip::OptionalQRCodeInfoExtension> > >::__node_alloc()
 .text._ZNSt6__ndk116allocator_traitsINS_9allocatorINS_11__tree_nodeINS_12__value_typeIhN4chip27OptionalQRCodeInfoExtensionEEEPvEEEEE7destroyINS_4pairIKhS5_EEEEvRS9_PT_
                0x0000000000019454       0x30 obj/src/setup_payload/java/libSetupPayloadParser.SetupPayloadParser-JNI.cpp.o
                0x0000000000019454                void std::__ndk1::allocator_traits<std::__ndk1::allocator<std::__ndk1::__tree_node<std::__ndk1::__value_type<unsigned char, chip::OptionalQRCodeInfoExtension>, void*> > >::destroy<std::__ndk1::pair<unsigned char const, chip::OptionalQRCodeInfoExtension> >(std::__ndk1::allocator<std::__ndk1::__tree_node<std::__ndk1::__value_type<unsigned char, chip::OptionalQRCodeInfoExtension>, void*> >&, std::__ndk1::pair<unsigned char const, chip::OptionalQRCodeInfoExtension>*)
 .text._ZNSt6__ndk122__tree_key_value_typesINS_12__value_typeIhN4chip27OptionalQRCodeInfoExtensionEEEE9__get_ptrERS4_
                0x0000000000019484       0x28 obj/src/setup_payload/java/libSetupPayloadParser.SetupPayloadParser-JNI.cpp.o
                0x0000000000019484                std::__ndk1::__tree_key_value_types<std::__ndk1::__value_type<unsigned char, chip::OptionalQRCodeInfoExtension> >::__get_ptr(std::__ndk1::__value_type<unsigned char, chip::OptionalQRCodeInfoExtension>&)
 .text._ZNSt6__ndk116allocator_traitsINS_9allocatorINS_11__tree_nodeINS_12__value_typeIhN4chip27OptionalQRCodeInfoExtensionEEEPvEEEEE10deallocateERS9_PS8_m
                0x00000000000194ac       0x34 obj/src/setup_payload/java/libSetupPayloadParser.SetupPayloadParser-JNI.cpp.o
                0x00000000000194ac                std::__ndk1::allocator_traits<std::__ndk1::allocator<std::__ndk1::__tree_node<std::__ndk1::__value_type<unsigned char, chip::OptionalQRCodeInfoExtension>, void*> > >::deallocate(std::__ndk1::allocator<std::__ndk1::__tree_node<std::__ndk1::__value_type<unsigned char, chip::OptionalQRCodeInfoExtension>, void*> >&, std::__ndk1::__tree_node<std::__ndk1::__value_type<unsigned char, chip::OptionalQRCodeInfoExtension>, void*>*, unsigned long)
 .text._ZNSt6__ndk117__compressed_pairINS_15__tree_end_nodeIPNS_16__tree_node_baseIPvEEEENS_9allocatorINS_11__tree_nodeINS_12__value_typeIhN4chip27OptionalQRCodeInfoExtensionEEES3_EEEEE6secondEv
                0x00000000000194e0       0x24 obj/src/setup_payload/java/libSetupPayloadParser.SetupPayloadParser-JNI.cpp.o
                0x00000000000194e0                std::__ndk1::__compressed_pair<std::__ndk1::__tree_end_node<std::__ndk1::__tree_node_base<void*>*>, std::__ndk1::allocator<std::__ndk1::__tree_node<std::__ndk1::__value_type<unsigned char, chip::OptionalQRCodeInfoExtension>, void*> > >::second()
 .text._ZNSt6__ndk122__compressed_pair_elemINS_9allocatorINS_11__tree_nodeINS_12__value_typeIhN4chip27OptionalQRCodeInfoExtensionEEEPvEEEELi1ELb1EE5__getEv
                0x0000000000019504       0x14 obj/src/setup_payload/java/libSetupPayloadParser.SetupPayloadParser-JNI.cpp.o
                0x0000000000019504                std::__ndk1::__compressed_pair_elem<std::__ndk1::allocator<std::__ndk1::__tree_node<std::__ndk1::__value_type<unsigned char, chip::OptionalQRCodeInfoExtension>, void*> >, 1, true>::__get()
 .text._ZNSt6__ndk116allocator_traitsINS_9allocatorINS_11__tree_nodeINS_12__value_typeIhN4chip27OptionalQRCodeInfoExtensionEEEPvEEEEE9__destroyINS_4pairIKhS5_EEEEvNS_17integral_constantIbLb0EEERS9_PT_
                0x0000000000019518       0x2c obj/src/setup_payload/java/libSetupPayloadParser.SetupPayloadParser-JNI.cpp.o
                0x0000000000019518                void std::__ndk1::allocator_traits<std::__ndk1::allocator<std::__ndk1::__tree_node<std::__ndk1::__value_type<unsigned char, chip::OptionalQRCodeInfoExtension>, void*> > >::__destroy<std::__ndk1::pair<unsigned char const, chip::OptionalQRCodeInfoExtension> >(std::__ndk1::integral_constant<bool, false>, std::__ndk1::allocator<std::__ndk1::__tree_node<std::__ndk1::__value_type<unsigned char, chip::OptionalQRCodeInfoExtension>, void*> >&, std::__ndk1::pair<unsigned char const, chip::OptionalQRCodeInfoExtension>*)
 .text._ZNSt6__ndk14pairIKhN4chip27OptionalQRCodeInfoExtensionEED2Ev
                0x0000000000019544       0x2c obj/src/setup_payload/java/libSetupPayloadParser.SetupPayloadParser-JNI.cpp.o
                0x0000000000019544                std::__ndk1::pair<unsigned char const, chip::OptionalQRCodeInfoExtension>::~pair()
 .text._ZN4chip27OptionalQRCodeInfoExtensionD2Ev
                0x0000000000019570       0x24 obj/src/setup_payload/java/libSetupPayloadParser.SetupPayloadParser-JNI.cpp.o
                0x0000000000019570                chip::OptionalQRCodeInfoExtension::~OptionalQRCodeInfoExtension()
 .text._ZNSt6__ndk19addressofINS_4pairIKhN4chip27OptionalQRCodeInfoExtensionEEEEEPT_RS6_
                0x0000000000019594       0x14 obj/src/setup_payload/java/libSetupPayloadParser.SetupPayloadParser-JNI.cpp.o
                0x0000000000019594                std::__ndk1::pair<unsigned char const, chip::OptionalQRCodeInfoExtension>* std::__ndk1::addressof<std::__ndk1::pair<unsigned char const, chip::OptionalQRCodeInfoExtension> >(std::__ndk1::pair<unsigned char const, chip::OptionalQRCodeInfoExtension>&)
 .text._ZNSt6__ndk112__value_typeIhN4chip27OptionalQRCodeInfoExtensionEE11__get_valueEv
                0x00000000000195a8       0x14 obj/src/setup_payload/java/libSetupPayloadParser.SetupPayloadParser-JNI.cpp.o
                0x00000000000195a8                std::__ndk1::__value_type<unsigned char, chip::OptionalQRCodeInfoExtension>::__get_value()
 .text._ZNSt6__ndk19allocatorINS_11__tree_nodeINS_12__value_typeIhN4chip27OptionalQRCodeInfoExtensionEEEPvEEE10deallocateEPS7_m
                0x00000000000195bc       0x40 obj/src/setup_payload/java/libSetupPayloadParser.SetupPayloadParser-JNI.cpp.o
                0x00000000000195bc                std::__ndk1::allocator<std::__ndk1::__tree_node<std::__ndk1::__value_type<unsigned char, chip::OptionalQRCodeInfoExtension>, void*> >::deallocate(std::__ndk1::__tree_node<std::__ndk1::__value_type<unsigned char, chip::OptionalQRCodeInfoExtension>, void*>*, unsigned long)
 .text._ZNSt6__ndk119__libcpp_deallocateEPvmm
                0x00000000000195fc       0x34 obj/src/setup_payload/java/libSetupPayloadParser.SetupPayloadParser-JNI.cpp.o
                0x00000000000195fc                std::__ndk1::__libcpp_deallocate(void*, unsigned long, unsigned long)
 .text._ZNSt6__ndk117_DeallocateCaller33__do_deallocate_handle_size_alignEPvmm
                0x0000000000019630       0x30 obj/src/setup_payload/java/libSetupPayloadParser.SetupPayloadParser-JNI.cpp.o
                0x0000000000019630                std::__ndk1::_DeallocateCaller::__do_deallocate_handle_size_align(void*, unsigned long, unsigned long)
 .text._ZNSt6__ndk117_DeallocateCaller27__do_deallocate_handle_sizeEPvm
                0x0000000000019660       0x28 obj/src/setup_payload/java/libSetupPayloadParser.SetupPayloadParser-JNI.cpp.o
                0x0000000000019660                std::__ndk1::_DeallocateCaller::__do_deallocate_handle_size(void*, unsigned long)
 .text._ZNSt6__ndk117_DeallocateCaller9__do_callEPv
                0x0000000000019688       0x24 obj/src/setup_payload/java/libSetupPayloadParser.SetupPayloadParser-JNI.cpp.o
                0x0000000000019688                std::__ndk1::_DeallocateCaller::__do_call(void*)
 .text._ZNKSt6__ndk16__treeINS_12__value_typeIhN4chip27OptionalQRCodeInfoExtensionEEENS_19__map_value_compareIhS4_NS_4lessIhEELb1EEENS_9allocatorIS4_EEE10__end_nodeEv
                0x00000000000196ac       0x30 obj/src/setup_payload/java/libSetupPayloadParser.SetupPayloadParser-JNI.cpp.o
                0x00000000000196ac                std::__ndk1::__tree<std::__ndk1::__value_type<unsigned char, chip::OptionalQRCodeInfoExtension>, std::__ndk1::__map_value_compare<unsigned char, std::__ndk1::__value_type<unsigned char, chip::OptionalQRCodeInfoExtension>, std::__ndk1::less<unsigned char>, true>, std::__ndk1::allocator<std::__ndk1::__value_type<unsigned char, chip::OptionalQRCodeInfoExtension> > >::__end_node() const
 .text._ZNKSt6__ndk117__compressed_pairINS_15__tree_end_nodeIPNS_16__tree_node_baseIPvEEEENS_9allocatorINS_11__tree_nodeINS_12__value_typeIhN4chip27OptionalQRCodeInfoExtensionEEES3_EEEEE5firstEv
                0x00000000000196dc       0x24 obj/src/setup_payload/java/libSetupPayloadParser.SetupPayloadParser-JNI.cpp.o
                0x00000000000196dc                std::__ndk1::__compressed_pair<std::__ndk1::__tree_end_node<std::__ndk1::__tree_node_base<void*>*>, std::__ndk1::allocator<std::__ndk1::__tree_node<std::__ndk1::__value_type<unsigned char, chip::OptionalQRCodeInfoExtension>, void*> > >::first() const
 .text._ZNKSt6__ndk122__compressed_pair_elemINS_15__tree_end_nodeIPNS_16__tree_node_baseIPvEEEELi0ELb0EE5__getEv
                0x0000000000019700       0x14 obj/src/setup_payload/java/libSetupPayloadParser.SetupPayloadParser-JNI.cpp.o
                0x0000000000019700                std::__ndk1::__compressed_pair_elem<std::__ndk1::__tree_end_node<std::__ndk1::__tree_node_base<void*>*>, 0, false>::__get() const
 .text._ZNSt6__ndk16__treeINS_12__value_typeIhN4chip18OptionalQRCodeInfoEEENS_19__map_value_compareIhS4_NS_4lessIhEELb1EEENS_9allocatorIS4_EEED2Ev
                0x0000000000019714       0x40 obj/src/setup_payload/java/libSetupPayloadParser.SetupPayloadParser-JNI.cpp.o
                0x0000000000019714                std::__ndk1::__tree<std::__ndk1::__value_type<unsigned char, chip::OptionalQRCodeInfo>, std::__ndk1::__map_value_compare<unsigned char, std::__ndk1::__value_type<unsigned char, chip::OptionalQRCodeInfo>, std::__ndk1::less<unsigned char>, true>, std::__ndk1::allocator<std::__ndk1::__value_type<unsigned char, chip::OptionalQRCodeInfo> > >::~__tree()
 .text._ZNSt6__ndk16__treeINS_12__value_typeIhN4chip18OptionalQRCodeInfoEEENS_19__map_value_compareIhS4_NS_4lessIhEELb1EEENS_9allocatorIS4_EEE7destroyEPNS_11__tree_nodeIS4_PvEE
                0x0000000000019754       0xa8 obj/src/setup_payload/java/libSetupPayloadParser.SetupPayloadParser-JNI.cpp.o
                0x0000000000019754                std::__ndk1::__tree<std::__ndk1::__value_type<unsigned char, chip::OptionalQRCodeInfo>, std::__ndk1::__map_value_compare<unsigned char, std::__ndk1::__value_type<unsigned char, chip::OptionalQRCodeInfo>, std::__ndk1::less<unsigned char>, true>, std::__ndk1::allocator<std::__ndk1::__value_type<unsigned char, chip::OptionalQRCodeInfo> > >::destroy(std::__ndk1::__tree_node<std::__ndk1::__value_type<unsigned char, chip::OptionalQRCodeInfo>, void*>*)
 .text._ZNKSt6__ndk16__treeINS_12__value_typeIhN4chip18OptionalQRCodeInfoEEENS_19__map_value_compareIhS4_NS_4lessIhEELb1EEENS_9allocatorIS4_EEE6__rootEv
                0x00000000000197fc       0x28 obj/src/setup_payload/java/libSetupPayloadParser.SetupPayloadParser-JNI.cpp.o
                0x00000000000197fc                std::__ndk1::__tree<std::__ndk1::__value_type<unsigned char, chip::OptionalQRCodeInfo>, std::__ndk1::__map_value_compare<unsigned char, std::__ndk1::__value_type<unsigned char, chip::OptionalQRCodeInfo>, std::__ndk1::less<unsigned char>, true>, std::__ndk1::allocator<std::__ndk1::__value_type<unsigned char, chip::OptionalQRCodeInfo> > >::__root() const
 .text._ZNSt6__ndk16__treeINS_12__value_typeIhN4chip18OptionalQRCodeInfoEEENS_19__map_value_compareIhS4_NS_4lessIhEELb1EEENS_9allocatorIS4_EEE12__node_allocEv
                0x0000000000019824       0x2c obj/src/setup_payload/java/libSetupPayloadParser.SetupPayloadParser-JNI.cpp.o
                0x0000000000019824                std::__ndk1::__tree<std::__ndk1::__value_type<unsigned char, chip::OptionalQRCodeInfo>, std::__ndk1::__map_value_compare<unsigned char, std::__ndk1::__value_type<unsigned char, chip::OptionalQRCodeInfo>, std::__ndk1::less<unsigned char>, true>, std::__ndk1::allocator<std::__ndk1::__value_type<unsigned char, chip::OptionalQRCodeInfo> > >::__node_alloc()
 .text._ZNSt6__ndk116allocator_traitsINS_9allocatorINS_11__tree_nodeINS_12__value_typeIhN4chip18OptionalQRCodeInfoEEEPvEEEEE7destroyINS_4pairIKhS5_EEEEvRS9_PT_
                0x0000000000019850       0x30 obj/src/setup_payload/java/libSetupPayloadParser.SetupPayloadParser-JNI.cpp.o
                0x0000000000019850                void std::__ndk1::allocator_traits<std::__ndk1::allocator<std::__ndk1::__tree_node<std::__ndk1::__value_type<unsigned char, chip::OptionalQRCodeInfo>, void*> > >::destroy<std::__ndk1::pair<unsigned char const, chip::OptionalQRCodeInfo> >(std::__ndk1::allocator<std::__ndk1::__tree_node<std::__ndk1::__value_type<unsigned char, chip::OptionalQRCodeInfo>, void*> >&, std::__ndk1::pair<unsigned char const, chip::OptionalQRCodeInfo>*)
 .text._ZNSt6__ndk122__tree_key_value_typesINS_12__value_typeIhN4chip18OptionalQRCodeInfoEEEE9__get_ptrERS4_
                0x0000000000019880       0x28 obj/src/setup_payload/java/libSetupPayloadParser.SetupPayloadParser-JNI.cpp.o
                0x0000000000019880                std::__ndk1::__tree_key_value_types<std::__ndk1::__value_type<unsigned char, chip::OptionalQRCodeInfo> >::__get_ptr(std::__ndk1::__value_type<unsigned char, chip::OptionalQRCodeInfo>&)
 .text._ZNSt6__ndk116allocator_traitsINS_9allocatorINS_11__tree_nodeINS_12__value_typeIhN4chip18OptionalQRCodeInfoEEEPvEEEEE10deallocateERS9_PS8_m
                0x00000000000198a8       0x34 obj/src/setup_payload/java/libSetupPayloadParser.SetupPayloadParser-JNI.cpp.o
                0x00000000000198a8                std::__ndk1::allocator_traits<std::__ndk1::allocator<std::__ndk1::__tree_node<std::__ndk1::__value_type<unsigned char, chip::OptionalQRCodeInfo>, void*> > >::deallocate(std::__ndk1::allocator<std::__ndk1::__tree_node<std::__ndk1::__value_type<unsigned char, chip::OptionalQRCodeInfo>, void*> >&, std::__ndk1::__tree_node<std::__ndk1::__value_type<unsigned char, chip::OptionalQRCodeInfo>, void*>*, unsigned long)
 .text._ZNSt6__ndk117__compressed_pairINS_15__tree_end_nodeIPNS_16__tree_node_baseIPvEEEENS_9allocatorINS_11__tree_nodeINS_12__value_typeIhN4chip18OptionalQRCodeInfoEEES3_EEEEE6secondEv
                0x00000000000198dc       0x24 obj/src/setup_payload/java/libSetupPayloadParser.SetupPayloadParser-JNI.cpp.o
                0x00000000000198dc                std::__ndk1::__compressed_pair<std::__ndk1::__tree_end_node<std::__ndk1::__tree_node_base<void*>*>, std::__ndk1::allocator<std::__ndk1::__tree_node<std::__ndk1::__value_type<unsigned char, chip::OptionalQRCodeInfo>, void*> > >::second()
 .text._ZNSt6__ndk122__compressed_pair_elemINS_9allocatorINS_11__tree_nodeINS_12__value_typeIhN4chip18OptionalQRCodeInfoEEEPvEEEELi1ELb1EE5__getEv
                0x0000000000019900       0x14 obj/src/setup_payload/java/libSetupPayloadParser.SetupPayloadParser-JNI.cpp.o
                0x0000000000019900                std::__ndk1::__compressed_pair_elem<std::__ndk1::allocator<std::__ndk1::__tree_node<std::__ndk1::__value_type<unsigned char, chip::OptionalQRCodeInfo>, void*> >, 1, true>::__get()
 .text._ZNSt6__ndk116allocator_traitsINS_9allocatorINS_11__tree_nodeINS_12__value_typeIhN4chip18OptionalQRCodeInfoEEEPvEEEEE9__destroyINS_4pairIKhS5_EEEEvNS_17integral_constantIbLb0EEERS9_PT_
                0x0000000000019914       0x2c obj/src/setup_payload/java/libSetupPayloadParser.SetupPayloadParser-JNI.cpp.o
                0x0000000000019914                void std::__ndk1::allocator_traits<std::__ndk1::allocator<std::__ndk1::__tree_node<std::__ndk1::__value_type<unsigned char, chip::OptionalQRCodeInfo>, void*> > >::__destroy<std::__ndk1::pair<unsigned char const, chip::OptionalQRCodeInfo> >(std::__ndk1::integral_constant<bool, false>, std::__ndk1::allocator<std::__ndk1::__tree_node<std::__ndk1::__value_type<unsigned char, chip::OptionalQRCodeInfo>, void*> >&, std::__ndk1::pair<unsigned char const, chip::OptionalQRCodeInfo>*)
 .text._ZNSt6__ndk14pairIKhN4chip18OptionalQRCodeInfoEED2Ev
                0x0000000000019940       0x2c obj/src/setup_payload/java/libSetupPayloadParser.SetupPayloadParser-JNI.cpp.o
                0x0000000000019940                std::__ndk1::pair<unsigned char const, chip::OptionalQRCodeInfo>::~pair()
 .text._ZN4chip18OptionalQRCodeInfoD2Ev
                0x000000000001996c       0x2c obj/src/setup_payload/java/libSetupPayloadParser.SetupPayloadParser-JNI.cpp.o
                0x000000000001996c                chip::OptionalQRCodeInfo::~OptionalQRCodeInfo()
 .text._ZNSt6__ndk19addressofINS_4pairIKhN4chip18OptionalQRCodeInfoEEEEEPT_RS6_
                0x0000000000019998       0x14 obj/src/setup_payload/java/libSetupPayloadParser.SetupPayloadParser-JNI.cpp.o
                0x0000000000019998                std::__ndk1::pair<unsigned char const, chip::OptionalQRCodeInfo>* std::__ndk1::addressof<std::__ndk1::pair<unsigned char const, chip::OptionalQRCodeInfo> >(std::__ndk1::pair<unsigned char const, chip::OptionalQRCodeInfo>&)
 .text._ZNSt6__ndk112__value_typeIhN4chip18OptionalQRCodeInfoEE11__get_valueEv
                0x00000000000199ac       0x14 obj/src/setup_payload/java/libSetupPayloadParser.SetupPayloadParser-JNI.cpp.o
                0x00000000000199ac                std::__ndk1::__value_type<unsigned char, chip::OptionalQRCodeInfo>::__get_value()
 .text._ZNSt6__ndk19allocatorINS_11__tree_nodeINS_12__value_typeIhN4chip18OptionalQRCodeInfoEEEPvEEE10deallocateEPS7_m
                0x00000000000199c0       0x40 obj/src/setup_payload/java/libSetupPayloadParser.SetupPayloadParser-JNI.cpp.o
                0x00000000000199c0                std::__ndk1::allocator<std::__ndk1::__tree_node<std::__ndk1::__value_type<unsigned char, chip::OptionalQRCodeInfo>, void*> >::deallocate(std::__ndk1::__tree_node<std::__ndk1::__value_type<unsigned char, chip::OptionalQRCodeInfo>, void*>*, unsigned long)
 .text._ZNKSt6__ndk16__treeINS_12__value_typeIhN4chip18OptionalQRCodeInfoEEENS_19__map_value_compareIhS4_NS_4lessIhEELb1EEENS_9allocatorIS4_EEE10__end_nodeEv
                0x0000000000019a00       0x30 obj/src/setup_payload/java/libSetupPayloadParser.SetupPayloadParser-JNI.cpp.o
                0x0000000000019a00                std::__ndk1::__tree<std::__ndk1::__value_type<unsigned char, chip::OptionalQRCodeInfo>, std::__ndk1::__map_value_compare<unsigned char, std::__ndk1::__value_type<unsigned char, chip::OptionalQRCodeInfo>, std::__ndk1::less<unsigned char>, true>, std::__ndk1::allocator<std::__ndk1::__value_type<unsigned char, chip::OptionalQRCodeInfo> > >::__end_node() const
 .text._ZNKSt6__ndk117__compressed_pairINS_15__tree_end_nodeIPNS_16__tree_node_baseIPvEEEENS_9allocatorINS_11__tree_nodeINS_12__value_typeIhN4chip18OptionalQRCodeInfoEEES3_EEEEE5firstEv
                0x0000000000019a30       0x24 obj/src/setup_payload/java/libSetupPayloadParser.SetupPayloadParser-JNI.cpp.o
                0x0000000000019a30                std::__ndk1::__compressed_pair<std::__ndk1::__tree_end_node<std::__ndk1::__tree_node_base<void*>*>, std::__ndk1::allocator<std::__ndk1::__tree_node<std::__ndk1::__value_type<unsigned char, chip::OptionalQRCodeInfo>, void*> > >::first() const
 .text._ZN7_JNIEnv9FindClassEPKc
                0x0000000000019a54       0x38 obj/src/setup_payload/java/libSetupPayloadParser.SetupPayloadParser-JNI.cpp.o
                0x0000000000019a54                _JNIEnv::FindClass(char const*)
 .text._ZN7_JNIEnv11GetMethodIDEP7_jclassPKcS3_
                0x0000000000019a8c       0x48 obj/src/setup_payload/java/libSetupPayloadParser.SetupPayloadParser-JNI.cpp.o
                0x0000000000019a8c                _JNIEnv::GetMethodID(_jclass*, char const*, char const*)
 .text._ZN7_JNIEnv9NewObjectEP7_jclassP10_jmethodIDz
                0x0000000000019ad4       0xcc obj/src/setup_payload/java/libSetupPayloadParser.SetupPayloadParser-JNI.cpp.o
                0x0000000000019ad4                _JNIEnv::NewObject(_jclass*, _jmethodID*, ...)
 .text._ZN7_JNIEnv10GetFieldIDEP7_jclassPKcS3_
                0x0000000000019ba0       0x48 obj/src/setup_payload/java/libSetupPayloadParser.SetupPayloadParser-JNI.cpp.o
                0x0000000000019ba0                _JNIEnv::GetFieldID(_jclass*, char const*, char const*)
 .text._ZN7_JNIEnv11SetIntFieldEP8_jobjectP9_jfieldIDi
                0x0000000000019be8       0x48 obj/src/setup_payload/java/libSetupPayloadParser.SetupPayloadParser-JNI.cpp.o
                0x0000000000019be8                _JNIEnv::SetIntField(_jobject*, _jfieldID*, int)
 .text._ZN7_JNIEnv15SetBooleanFieldEP8_jobjectP9_jfieldIDh
                0x0000000000019c30       0x48 obj/src/setup_payload/java/libSetupPayloadParser.SetupPayloadParser-JNI.cpp.o
                0x0000000000019c30                _JNIEnv::SetBooleanField(_jobject*, _jfieldID*, unsigned char)
 .text._ZN7_JNIEnv12SetLongFieldEP8_jobjectP9_jfieldIDl
                0x0000000000019c78       0x48 obj/src/setup_payload/java/libSetupPayloadParser.SetupPayloadParser-JNI.cpp.o
                0x0000000000019c78                _JNIEnv::SetLongField(_jobject*, _jfieldID*, long)
 .text._ZNSt6__ndk16vectorIN4chip18OptionalQRCodeInfoENS_9allocatorIS2_EEE5beginEv
                0x0000000000019cc0       0x34 obj/src/setup_payload/java/libSetupPayloadParser.SetupPayloadParser-JNI.cpp.o
                0x0000000000019cc0                std::__ndk1::vector<chip::OptionalQRCodeInfo, std::__ndk1::allocator<chip::OptionalQRCodeInfo> >::begin()
 .text._ZNSt6__ndk16vectorIN4chip18OptionalQRCodeInfoENS_9allocatorIS2_EEE3endEv
                0x0000000000019cf4       0x34 obj/src/setup_payload/java/libSetupPayloadParser.SetupPayloadParser-JNI.cpp.o
                0x0000000000019cf4                std::__ndk1::vector<chip::OptionalQRCodeInfo, std::__ndk1::allocator<chip::OptionalQRCodeInfo> >::end()
 .text._ZNSt6__ndk1neIPN4chip18OptionalQRCodeInfoEEEbRKNS_11__wrap_iterIT_EES8_
                0x0000000000019d28       0x3c obj/src/setup_payload/java/libSetupPayloadParser.SetupPayloadParser-JNI.cpp.o
                0x0000000000019d28                bool std::__ndk1::operator!=<chip::OptionalQRCodeInfo*>(std::__ndk1::__wrap_iter<chip::OptionalQRCodeInfo*> const&, std::__ndk1::__wrap_iter<chip::OptionalQRCodeInfo*> const&)
 .text._ZNKSt6__ndk111__wrap_iterIPN4chip18OptionalQRCodeInfoEEdeEv
                0x0000000000019d64       0x18 obj/src/setup_payload/java/libSetupPayloadParser.SetupPayloadParser-JNI.cpp.o
                0x0000000000019d64                std::__ndk1::__wrap_iter<chip::OptionalQRCodeInfo*>::operator*() const
 .text._ZN7_JNIEnv11AllocObjectEP7_jclass
                0x0000000000019d7c       0x38 obj/src/setup_payload/java/libSetupPayloadParser.SetupPayloadParser-JNI.cpp.o
                0x0000000000019d7c                _JNIEnv::AllocObject(_jclass*)
 .text._ZN7_JNIEnv16GetStaticFieldIDEP7_jclassPKcS3_
                0x0000000000019db4       0x48 obj/src/setup_payload/java/libSetupPayloadParser.SetupPayloadParser-JNI.cpp.o
                0x0000000000019db4                _JNIEnv::GetStaticFieldID(_jclass*, char const*, char const*)
 .text._ZN7_JNIEnv20GetStaticObjectFieldEP7_jclassP9_jfieldID
                0x0000000000019dfc       0x40 obj/src/setup_payload/java/libSetupPayloadParser.SetupPayloadParser-JNI.cpp.o
                0x0000000000019dfc                _JNIEnv::GetStaticObjectField(_jclass*, _jfieldID*)
 .text._ZN7_JNIEnv14SetObjectFieldEP8_jobjectP9_jfieldIDS1_
                0x0000000000019e3c       0x48 obj/src/setup_payload/java/libSetupPayloadParser.SetupPayloadParser-JNI.cpp.o
                0x0000000000019e3c                _JNIEnv::SetObjectField(_jobject*, _jfieldID*, _jobject*)
 .text._ZN7_JNIEnv12NewStringUTFEPKc
                0x0000000000019e84       0x38 obj/src/setup_payload/java/libSetupPayloadParser.SetupPayloadParser-JNI.cpp.o
                0x0000000000019e84                _JNIEnv::NewStringUTF(char const*)
 .text._ZNKSt6__ndk112basic_stringIcNS_11char_traitsIcEENS_9allocatorIcEEE5c_strEv
                0x0000000000019ebc       0x24 obj/src/setup_payload/java/libSetupPayloadParser.SetupPayloadParser-JNI.cpp.o
                0x0000000000019ebc                std::__ndk1::basic_string<char, std::__ndk1::char_traits<char>, std::__ndk1::allocator<char> >::c_str() const
 .text._ZN7_JNIEnv14CallVoidMethodEP8_jobjectP10_jmethodIDz
                0x0000000000019ee0       0xc4 obj/src/setup_payload/java/libSetupPayloadParser.SetupPayloadParser-JNI.cpp.o
                0x0000000000019ee0                _JNIEnv::CallVoidMethod(_jobject*, _jmethodID*, ...)
 .text._ZNSt6__ndk111__wrap_iterIPN4chip18OptionalQRCodeInfoEEppEv
                0x0000000000019fa4       0x28 obj/src/setup_payload/java/libSetupPayloadParser.SetupPayloadParser-JNI.cpp.o
                0x0000000000019fa4                std::__ndk1::__wrap_iter<chip::OptionalQRCodeInfo*>::operator++()
 .text._ZNSt6__ndk16vectorIN4chip18OptionalQRCodeInfoENS_9allocatorIS2_EEED2Ev
                0x0000000000019fcc       0x34 obj/src/setup_payload/java/libSetupPayloadParser.SetupPayloadParser-JNI.cpp.o
                0x0000000000019fcc                std::__ndk1::vector<chip::OptionalQRCodeInfo, std::__ndk1::allocator<chip::OptionalQRCodeInfo> >::~vector()
 .text._ZNSt6__ndk16vectorIN4chip18OptionalQRCodeInfoENS_9allocatorIS2_EEE11__make_iterEPS2_
                0x000000000001a000       0x34 obj/src/setup_payload/java/libSetupPayloadParser.SetupPayloadParser-JNI.cpp.o
                0x000000000001a000                std::__ndk1::vector<chip::OptionalQRCodeInfo, std::__ndk1::allocator<chip::OptionalQRCodeInfo> >::__make_iter(chip::OptionalQRCodeInfo*)
 .text._ZNSt6__ndk111__wrap_iterIPN4chip18OptionalQRCodeInfoEEC2ES3_
                0x000000000001a034       0x20 obj/src/setup_payload/java/libSetupPayloadParser.SetupPayloadParser-JNI.cpp.o
                0x000000000001a034                std::__ndk1::__wrap_iter<chip::OptionalQRCodeInfo*>::__wrap_iter(chip::OptionalQRCodeInfo*)
 .text._ZNSt6__ndk1eqIPN4chip18OptionalQRCodeInfoES3_EEbRKNS_11__wrap_iterIT_EERKNS4_IT0_EE
                0x000000000001a054       0x50 obj/src/setup_payload/java/libSetupPayloadParser.SetupPayloadParser-JNI.cpp.o
                0x000000000001a054                bool std::__ndk1::operator==<chip::OptionalQRCodeInfo*, chip::OptionalQRCodeInfo*>(std::__ndk1::__wrap_iter<chip::OptionalQRCodeInfo*> const&, std::__ndk1::__wrap_iter<chip::OptionalQRCodeInfo*> const&)
 .text._ZNKSt6__ndk111__wrap_iterIPN4chip18OptionalQRCodeInfoEE4baseEv
                0x000000000001a0a4       0x18 obj/src/setup_payload/java/libSetupPayloadParser.SetupPayloadParser-JNI.cpp.o
                0x000000000001a0a4                std::__ndk1::__wrap_iter<chip::OptionalQRCodeInfo*>::base() const
 .text._ZNKSt6__ndk112basic_stringIcNS_11char_traitsIcEENS_9allocatorIcEEE4dataEv
                0x000000000001a0bc       0x28 obj/src/setup_payload/java/libSetupPayloadParser.SetupPayloadParser-JNI.cpp.o
                0x000000000001a0bc                std::__ndk1::basic_string<char, std::__ndk1::char_traits<char>, std::__ndk1::allocator<char> >::data() const
 .text._ZNSt6__ndk116__to_raw_pointerIKcEEPT_S3_
                0x000000000001a0e4       0x14 obj/src/setup_payload/java/libSetupPayloadParser.SetupPayloadParser-JNI.cpp.o
                0x000000000001a0e4                char const* std::__ndk1::__to_raw_pointer<char const>(char const*)
 .text._ZNKSt6__ndk112basic_stringIcNS_11char_traitsIcEENS_9allocatorIcEEE13__get_pointerEv
                0x000000000001a0f8       0x58 obj/src/setup_payload/java/libSetupPayloadParser.SetupPayloadParser-JNI.cpp.o
                0x000000000001a0f8                std::__ndk1::basic_string<char, std::__ndk1::char_traits<char>, std::__ndk1::allocator<char> >::__get_pointer() const
 .text._ZNKSt6__ndk112basic_stringIcNS_11char_traitsIcEENS_9allocatorIcEEE9__is_longEv
                0x000000000001a150       0x40 obj/src/setup_payload/java/libSetupPayloadParser.SetupPayloadParser-JNI.cpp.o
                0x000000000001a150                std::__ndk1::basic_string<char, std::__ndk1::char_traits<char>, std::__ndk1::allocator<char> >::__is_long() const
 .text._ZNKSt6__ndk112basic_stringIcNS_11char_traitsIcEENS_9allocatorIcEEE18__get_long_pointerEv
                0x000000000001a190       0x28 obj/src/setup_payload/java/libSetupPayloadParser.SetupPayloadParser-JNI.cpp.o
                0x000000000001a190                std::__ndk1::basic_string<char, std::__ndk1::char_traits<char>, std::__ndk1::allocator<char> >::__get_long_pointer() const
 .text._ZNKSt6__ndk112basic_stringIcNS_11char_traitsIcEENS_9allocatorIcEEE19__get_short_pointerEv
                0x000000000001a1b8       0x30 obj/src/setup_payload/java/libSetupPayloadParser.SetupPayloadParser-JNI.cpp.o
                0x000000000001a1b8                std::__ndk1::basic_string<char, std::__ndk1::char_traits<char>, std::__ndk1::allocator<char> >::__get_short_pointer() const
 .text._ZNKSt6__ndk117__compressed_pairINS_12basic_stringIcNS_11char_traitsIcEENS_9allocatorIcEEE5__repES5_E5firstEv
                0x000000000001a1e8       0x24 obj/src/setup_payload/java/libSetupPayloadParser.SetupPayloadParser-JNI.cpp.o
                0x000000000001a1e8                std::__ndk1::__compressed_pair<std::__ndk1::basic_string<char, std::__ndk1::char_traits<char>, std::__ndk1::allocator<char> >::__rep, std::__ndk1::allocator<char> >::first() const
 .text._ZNKSt6__ndk122__compressed_pair_elemINS_12basic_stringIcNS_11char_traitsIcEENS_9allocatorIcEEE5__repELi0ELb0EE5__getEv
                0x000000000001a20c       0x14 obj/src/setup_payload/java/libSetupPayloadParser.SetupPayloadParser-JNI.cpp.o
                0x000000000001a20c                std::__ndk1::__compressed_pair_elem<std::__ndk1::basic_string<char, std::__ndk1::char_traits<char>, std::__ndk1::allocator<char> >::__rep, 0, false>::__get() const
 .text._ZNSt6__ndk114pointer_traitsIPKcE10pointer_toERS1_
                0x000000000001a220       0x24 obj/src/setup_payload/java/libSetupPayloadParser.SetupPayloadParser-JNI.cpp.o
                0x000000000001a220                std::__ndk1::pointer_traits<char const*>::pointer_to(char const&)
 .text._ZNSt6__ndk19addressofIKcEEPT_RS2_
                0x000000000001a244       0x14 obj/src/setup_payload/java/libSetupPayloadParser.SetupPayloadParser-JNI.cpp.o
                0x000000000001a244                char const* std::__ndk1::addressof<char const>(char const&)
 .text._ZNKSt6__ndk16vectorIN4chip18OptionalQRCodeInfoENS_9allocatorIS2_EEE17__annotate_deleteEv
                0x000000000001a258       0xcc obj/src/setup_payload/java/libSetupPayloadParser.SetupPayloadParser-JNI.cpp.o
                0x000000000001a258                std::__ndk1::vector<chip::OptionalQRCodeInfo, std::__ndk1::allocator<chip::OptionalQRCodeInfo> >::__annotate_delete() const
 .text._ZNSt6__ndk113__vector_baseIN4chip18OptionalQRCodeInfoENS_9allocatorIS2_EEED2Ev
                0x000000000001a324       0x78 obj/src/setup_payload/java/libSetupPayloadParser.SetupPayloadParser-JNI.cpp.o
                0x000000000001a324                std::__ndk1::__vector_base<chip::OptionalQRCodeInfo, std::__ndk1::allocator<chip::OptionalQRCodeInfo> >::~__vector_base()
 .text._ZNKSt6__ndk16vectorIN4chip18OptionalQRCodeInfoENS_9allocatorIS2_EEE31__annotate_contiguous_containerEPKvS7_S7_S7_
                0x000000000001a39c       0x20 obj/src/setup_payload/java/libSetupPayloadParser.SetupPayloadParser-JNI.cpp.o
                0x000000000001a39c                std::__ndk1::vector<chip::OptionalQRCodeInfo, std::__ndk1::allocator<chip::OptionalQRCodeInfo> >::__annotate_contiguous_container(void const*, void const*, void const*, void const*) const
 .text._ZNKSt6__ndk16vectorIN4chip18OptionalQRCodeInfoENS_9allocatorIS2_EEE4dataEv
                0x000000000001a3bc       0x28 obj/src/setup_payload/java/libSetupPayloadParser.SetupPayloadParser-JNI.cpp.o
                0x000000000001a3bc                std::__ndk1::vector<chip::OptionalQRCodeInfo, std::__ndk1::allocator<chip::OptionalQRCodeInfo> >::data() const
 .text._ZNKSt6__ndk16vectorIN4chip18OptionalQRCodeInfoENS_9allocatorIS2_EEE8capacityEv
                0x000000000001a3e4       0x24 obj/src/setup_payload/java/libSetupPayloadParser.SetupPayloadParser-JNI.cpp.o
                0x000000000001a3e4                std::__ndk1::vector<chip::OptionalQRCodeInfo, std::__ndk1::allocator<chip::OptionalQRCodeInfo> >::capacity() const
 .text._ZNKSt6__ndk16vectorIN4chip18OptionalQRCodeInfoENS_9allocatorIS2_EEE4sizeEv
                0x000000000001a408       0x28 obj/src/setup_payload/java/libSetupPayloadParser.SetupPayloadParser-JNI.cpp.o
                0x000000000001a408                std::__ndk1::vector<chip::OptionalQRCodeInfo, std::__ndk1::allocator<chip::OptionalQRCodeInfo> >::size() const
 .text._ZNSt6__ndk116__to_raw_pointerIN4chip18OptionalQRCodeInfoEEEPT_S4_
                0x000000000001a430       0x14 obj/src/setup_payload/java/libSetupPayloadParser.SetupPayloadParser-JNI.cpp.o
                0x000000000001a430                chip::OptionalQRCodeInfo* std::__ndk1::__to_raw_pointer<chip::OptionalQRCodeInfo>(chip::OptionalQRCodeInfo*)
 .text._ZNKSt6__ndk113__vector_baseIN4chip18OptionalQRCodeInfoENS_9allocatorIS2_EEE8capacityEv
                0x000000000001a444       0x4c obj/src/setup_payload/java/libSetupPayloadParser.SetupPayloadParser-JNI.cpp.o
                0x000000000001a444                std::__ndk1::__vector_base<chip::OptionalQRCodeInfo, std::__ndk1::allocator<chip::OptionalQRCodeInfo> >::capacity() const
 .text._ZNKSt6__ndk113__vector_baseIN4chip18OptionalQRCodeInfoENS_9allocatorIS2_EEE9__end_capEv
                0x000000000001a490       0x2c obj/src/setup_payload/java/libSetupPayloadParser.SetupPayloadParser-JNI.cpp.o
                0x000000000001a490                std::__ndk1::__vector_base<chip::OptionalQRCodeInfo, std::__ndk1::allocator<chip::OptionalQRCodeInfo> >::__end_cap() const
 .text._ZNKSt6__ndk117__compressed_pairIPN4chip18OptionalQRCodeInfoENS_9allocatorIS2_EEE5firstEv
                0x000000000001a4bc       0x24 obj/src/setup_payload/java/libSetupPayloadParser.SetupPayloadParser-JNI.cpp.o
                0x000000000001a4bc                std::__ndk1::__compressed_pair<chip::OptionalQRCodeInfo*, std::__ndk1::allocator<chip::OptionalQRCodeInfo> >::first() const
 .text._ZNKSt6__ndk122__compressed_pair_elemIPN4chip18OptionalQRCodeInfoELi0ELb0EE5__getEv
                0x000000000001a4e0       0x14 obj/src/setup_payload/java/libSetupPayloadParser.SetupPayloadParser-JNI.cpp.o
                0x000000000001a4e0                std::__ndk1::__compressed_pair_elem<chip::OptionalQRCodeInfo*, 0, false>::__get() const
 .text._ZNSt6__ndk113__vector_baseIN4chip18OptionalQRCodeInfoENS_9allocatorIS2_EEE5clearEv
                0x000000000001a4f4       0x2c obj/src/setup_payload/java/libSetupPayloadParser.SetupPayloadParser-JNI.cpp.o
                0x000000000001a4f4                std::__ndk1::__vector_base<chip::OptionalQRCodeInfo, std::__ndk1::allocator<chip::OptionalQRCodeInfo> >::clear()
 .text._ZNSt6__ndk116allocator_traitsINS_9allocatorIN4chip18OptionalQRCodeInfoEEEE10deallocateERS4_PS3_m
                0x000000000001a520       0x34 obj/src/setup_payload/java/libSetupPayloadParser.SetupPayloadParser-JNI.cpp.o
                0x000000000001a520                std::__ndk1::allocator_traits<std::__ndk1::allocator<chip::OptionalQRCodeInfo> >::deallocate(std::__ndk1::allocator<chip::OptionalQRCodeInfo>&, chip::OptionalQRCodeInfo*, unsigned long)
 .text._ZNSt6__ndk113__vector_baseIN4chip18OptionalQRCodeInfoENS_9allocatorIS2_EEE7__allocEv
                0x000000000001a554       0x2c obj/src/setup_payload/java/libSetupPayloadParser.SetupPayloadParser-JNI.cpp.o
                0x000000000001a554                std::__ndk1::__vector_base<chip::OptionalQRCodeInfo, std::__ndk1::allocator<chip::OptionalQRCodeInfo> >::__alloc()
 .text._ZNSt6__ndk113__vector_baseIN4chip18OptionalQRCodeInfoENS_9allocatorIS2_EEE17__destruct_at_endEPS2_
                0x000000000001a580       0x8c obj/src/setup_payload/java/libSetupPayloadParser.SetupPayloadParser-JNI.cpp.o
                0x000000000001a580                std::__ndk1::__vector_base<chip::OptionalQRCodeInfo, std::__ndk1::allocator<chip::OptionalQRCodeInfo> >::__destruct_at_end(chip::OptionalQRCodeInfo*)
 .text._ZNSt6__ndk116allocator_traitsINS_9allocatorIN4chip18OptionalQRCodeInfoEEEE7destroyIS3_EEvRS4_PT_
                0x000000000001a60c       0x30 obj/src/setup_payload/java/libSetupPayloadParser.SetupPayloadParser-JNI.cpp.o
                0x000000000001a60c                void std::__ndk1::allocator_traits<std::__ndk1::allocator<chip::OptionalQRCodeInfo> >::destroy<chip::OptionalQRCodeInfo>(std::__ndk1::allocator<chip::OptionalQRCodeInfo>&, chip::OptionalQRCodeInfo*)
 .text._ZNSt6__ndk116allocator_traitsINS_9allocatorIN4chip18OptionalQRCodeInfoEEEE9__destroyIS3_EEvNS_17integral_constantIbLb1EEERS4_PT_
                0x000000000001a63c       0x30 obj/src/setup_payload/java/libSetupPayloadParser.SetupPayloadParser-JNI.cpp.o
                0x000000000001a63c                void std::__ndk1::allocator_traits<std::__ndk1::allocator<chip::OptionalQRCodeInfo> >::__destroy<chip::OptionalQRCodeInfo>(std::__ndk1::integral_constant<bool, true>, std::__ndk1::allocator<chip::OptionalQRCodeInfo>&, chip::OptionalQRCodeInfo*)
 .text._ZNSt6__ndk19allocatorIN4chip18OptionalQRCodeInfoEE7destroyEPS2_
                0x000000000001a66c       0x28 obj/src/setup_payload/java/libSetupPayloadParser.SetupPayloadParser-JNI.cpp.o
                0x000000000001a66c                std::__ndk1::allocator<chip::OptionalQRCodeInfo>::destroy(chip::OptionalQRCodeInfo*)
 .text._ZNSt6__ndk19allocatorIN4chip18OptionalQRCodeInfoEE10deallocateEPS2_m
                0x000000000001a694       0x40 obj/src/setup_payload/java/libSetupPayloadParser.SetupPayloadParser-JNI.cpp.o
                0x000000000001a694                std::__ndk1::allocator<chip::OptionalQRCodeInfo>::deallocate(chip::OptionalQRCodeInfo*, unsigned long)
 .text._ZNSt6__ndk117__compressed_pairIPN4chip18OptionalQRCodeInfoENS_9allocatorIS2_EEE6secondEv
                0x000000000001a6d4       0x24 obj/src/setup_payload/java/libSetupPayloadParser.SetupPayloadParser-JNI.cpp.o
                0x000000000001a6d4                std::__ndk1::__compressed_pair<chip::OptionalQRCodeInfo*, std::__ndk1::allocator<chip::OptionalQRCodeInfo> >::second()
 .text._ZNSt6__ndk122__compressed_pair_elemINS_9allocatorIN4chip18OptionalQRCodeInfoEEELi1ELb1EE5__getEv
                0x000000000001a6f8       0x14 obj/src/setup_payload/java/libSetupPayloadParser.SetupPayloadParser-JNI.cpp.o
                0x000000000001a6f8                std::__ndk1::__compressed_pair_elem<std::__ndk1::allocator<chip::OptionalQRCodeInfo>, 1, true>::__get()
 .text._ZNSt6__ndk116allocator_traitsINS_9allocatorIcEEE10deallocateERS2_Pcm
                0x000000000001a70c       0x34 obj/src/setup_payload/java/libSetupPayloadParser.SetupPayloadParser-JNI.cpp.o
                0x000000000001a70c                std::__ndk1::allocator_traits<std::__ndk1::allocator<char> >::deallocate(std::__ndk1::allocator<char>&, char*, unsigned long)
 .text._ZNSt6__ndk112basic_stringIcNS_11char_traitsIcEENS_9allocatorIcEEE7__allocEv
                0x000000000001a740       0x24 obj/src/setup_payload/java/libSetupPayloadParser.SetupPayloadParser-JNI.cpp.o
                0x000000000001a740                std::__ndk1::basic_string<char, std::__ndk1::char_traits<char>, std::__ndk1::allocator<char> >::__alloc()
 .text._ZNSt6__ndk112basic_stringIcNS_11char_traitsIcEENS_9allocatorIcEEE18__get_long_pointerEv
                0x000000000001a764       0x28 obj/src/setup_payload/java/libSetupPayloadParser.SetupPayloadParser-JNI.cpp.o
                0x000000000001a764                std::__ndk1::basic_string<char, std::__ndk1::char_traits<char>, std::__ndk1::allocator<char> >::__get_long_pointer()
 .text._ZNKSt6__ndk112basic_stringIcNS_11char_traitsIcEENS_9allocatorIcEEE14__get_long_capEv
                0x000000000001a78c       0x38 obj/src/setup_payload/java/libSetupPayloadParser.SetupPayloadParser-JNI.cpp.o
                0x000000000001a78c                std::__ndk1::basic_string<char, std::__ndk1::char_traits<char>, std::__ndk1::allocator<char> >::__get_long_cap() const
 .text._ZNSt6__ndk19allocatorIcE10deallocateEPcm
                0x000000000001a7c4       0x3c obj/src/setup_payload/java/libSetupPayloadParser.SetupPayloadParser-JNI.cpp.o
                0x000000000001a7c4                std::__ndk1::allocator<char>::deallocate(char*, unsigned long)
 .text._ZNSt6__ndk117__compressed_pairINS_12basic_stringIcNS_11char_traitsIcEENS_9allocatorIcEEE5__repES5_E6secondEv
                0x000000000001a800       0x24 obj/src/setup_payload/java/libSetupPayloadParser.SetupPayloadParser-JNI.cpp.o
                0x000000000001a800                std::__ndk1::__compressed_pair<std::__ndk1::basic_string<char, std::__ndk1::char_traits<char>, std::__ndk1::allocator<char> >::__rep, std::__ndk1::allocator<char> >::second()
 .text._ZNSt6__ndk122__compressed_pair_elemINS_9allocatorIcEELi1ELb1EE5__getEv
                0x000000000001a824       0x14 obj/src/setup_payload/java/libSetupPayloadParser.SetupPayloadParser-JNI.cpp.o
                0x000000000001a824                std::__ndk1::__compressed_pair_elem<std::__ndk1::allocator<char>, 1, true>::__get()
 .text._ZNSt6__ndk117__compressed_pairINS_12basic_stringIcNS_11char_traitsIcEENS_9allocatorIcEEE5__repES5_EC2ILb1EvEEv
                0x000000000001a838       0x34 obj/src/setup_payload/java/libSetupPayloadParser.SetupPayloadParser-JNI.cpp.o
                0x000000000001a838                std::__ndk1::__compressed_pair<std::__ndk1::basic_string<char, std::__ndk1::char_traits<char>, std::__ndk1::allocator<char> >::__rep, std::__ndk1::allocator<char> >::__compressed_pair<true, void>()
 .text._ZNSt6__ndk112basic_stringIcNS_11char_traitsIcEENS_9allocatorIcEEE6__initEPKcm
                0x000000000001a86c      0x100 obj/src/setup_payload/java/libSetupPayloadParser.SetupPayloadParser-JNI.cpp.o
                0x000000000001a86c                std::__ndk1::basic_string<char, std::__ndk1::char_traits<char>, std::__ndk1::allocator<char> >::__init(char const*, unsigned long)
 .text._ZNSt6__ndk111char_traitsIcE6lengthEPKc
                0x000000000001a96c       0x24 obj/src/setup_payload/java/libSetupPayloadParser.SetupPayloadParser-JNI.cpp.o
                0x000000000001a96c                std::__ndk1::char_traits<char>::length(char const*)
 .text._ZNSt6__ndk122__compressed_pair_elemINS_12basic_stringIcNS_11char_traitsIcEENS_9allocatorIcEEE5__repELi0ELb0EEC2Ev
                0x000000000001a990       0x28 obj/src/setup_payload/java/libSetupPayloadParser.SetupPayloadParser-JNI.cpp.o
                0x000000000001a990                std::__ndk1::__compressed_pair_elem<std::__ndk1::basic_string<char, std::__ndk1::char_traits<char>, std::__ndk1::allocator<char> >::__rep, 0, false>::__compressed_pair_elem()
 .text._ZNSt6__ndk122__compressed_pair_elemINS_9allocatorIcEELi1ELb1EEC2Ev
                0x000000000001a9b8       0x24 obj/src/setup_payload/java/libSetupPayloadParser.SetupPayloadParser-JNI.cpp.o
                0x000000000001a9b8                std::__ndk1::__compressed_pair_elem<std::__ndk1::allocator<char>, 1, true>::__compressed_pair_elem()
 .text._ZNSt6__ndk19allocatorIcEC2Ev
                0x000000000001a9dc       0x10 obj/src/setup_payload/java/libSetupPayloadParser.SetupPayloadParser-JNI.cpp.o
                0x000000000001a9dc                std::__ndk1::allocator<char>::allocator()
 .text._ZNKSt6__ndk112basic_stringIcNS_11char_traitsIcEENS_9allocatorIcEEE8max_sizeEv
                0x000000000001a9ec       0x34 obj/src/setup_payload/java/libSetupPayloadParser.SetupPayloadParser-JNI.cpp.o
                0x000000000001a9ec                std::__ndk1::basic_string<char, std::__ndk1::char_traits<char>, std::__ndk1::allocator<char> >::max_size() const
 .text._ZNKSt6__ndk121__basic_string_commonILb1EE20__throw_length_errorEv
                0x000000000001aa20       0x20 obj/src/setup_payload/java/libSetupPayloadParser.SetupPayloadParser-JNI.cpp.o
                0x000000000001aa20                std::__ndk1::__basic_string_common<true>::__throw_length_error() const
 .text._ZNSt6__ndk112basic_stringIcNS_11char_traitsIcEENS_9allocatorIcEEE16__set_short_sizeEm
                0x000000000001aa40       0x3c obj/src/setup_payload/java/libSetupPayloadParser.SetupPayloadParser-JNI.cpp.o
                0x000000000001aa40                std::__ndk1::basic_string<char, std::__ndk1::char_traits<char>, std::__ndk1::allocator<char> >::__set_short_size(unsigned long)
 .text._ZNSt6__ndk112basic_stringIcNS_11char_traitsIcEENS_9allocatorIcEEE19__get_short_pointerEv
                0x000000000001aa7c       0x30 obj/src/setup_payload/java/libSetupPayloadParser.SetupPayloadParser-JNI.cpp.o
                0x000000000001aa7c                std::__ndk1::basic_string<char, std::__ndk1::char_traits<char>, std::__ndk1::allocator<char> >::__get_short_pointer()
 .text._ZNSt6__ndk112basic_stringIcNS_11char_traitsIcEENS_9allocatorIcEEE11__recommendEm
                0x000000000001aaac       0x74 obj/src/setup_payload/java/libSetupPayloadParser.SetupPayloadParser-JNI.cpp.o
                0x000000000001aaac                std::__ndk1::basic_string<char, std::__ndk1::char_traits<char>, std::__ndk1::allocator<char> >::__recommend(unsigned long)
 .text._ZNSt6__ndk116allocator_traitsINS_9allocatorIcEEE8allocateERS2_m
                0x000000000001ab20       0x34 obj/src/setup_payload/java/libSetupPayloadParser.SetupPayloadParser-JNI.cpp.o
                0x000000000001ab20                std::__ndk1::allocator_traits<std::__ndk1::allocator<char> >::allocate(std::__ndk1::allocator<char>&, unsigned long)
 .text._ZNSt6__ndk112basic_stringIcNS_11char_traitsIcEENS_9allocatorIcEEE18__set_long_pointerEPc
                0x000000000001ab54       0x38 obj/src/setup_payload/java/libSetupPayloadParser.SetupPayloadParser-JNI.cpp.o
                0x000000000001ab54                std::__ndk1::basic_string<char, std::__ndk1::char_traits<char>, std::__ndk1::allocator<char> >::__set_long_pointer(char*)
 .text._ZNSt6__ndk112basic_stringIcNS_11char_traitsIcEENS_9allocatorIcEEE14__set_long_capEm
                0x000000000001ab8c       0x40 obj/src/setup_payload/java/libSetupPayloadParser.SetupPayloadParser-JNI.cpp.o
                0x000000000001ab8c                std::__ndk1::basic_string<char, std::__ndk1::char_traits<char>, std::__ndk1::allocator<char> >::__set_long_cap(unsigned long)
 .text._ZNSt6__ndk112basic_stringIcNS_11char_traitsIcEENS_9allocatorIcEEE15__set_long_sizeEm
                0x000000000001abcc       0x38 obj/src/setup_payload/java/libSetupPayloadParser.SetupPayloadParser-JNI.cpp.o
                0x000000000001abcc                std::__ndk1::basic_string<char, std::__ndk1::char_traits<char>, std::__ndk1::allocator<char> >::__set_long_size(unsigned long)
 .text._ZNSt6__ndk111char_traitsIcE4copyEPcPKcm
                0x000000000001ac04       0x5c obj/src/setup_payload/java/libSetupPayloadParser.SetupPayloadParser-JNI.cpp.o
                0x000000000001ac04                std::__ndk1::char_traits<char>::copy(char*, char const*, unsigned long)
 .text._ZNSt6__ndk116__to_raw_pointerIcEEPT_S2_
                0x000000000001ac60       0x14 obj/src/setup_payload/java/libSetupPayloadParser.SetupPayloadParser-JNI.cpp.o
                0x000000000001ac60                char* std::__ndk1::__to_raw_pointer<char>(char*)
 .text._ZNSt6__ndk111char_traitsIcE6assignERcRKc
                0x000000000001ac74       0x24 obj/src/setup_payload/java/libSetupPayloadParser.SetupPayloadParser-JNI.cpp.o
                0x000000000001ac74                std::__ndk1::char_traits<char>::assign(char&, char const&)
 .text._ZNSt6__ndk116allocator_traitsINS_9allocatorIcEEE8max_sizeERKS2_
                0x000000000001ac98       0x28 obj/src/setup_payload/java/libSetupPayloadParser.SetupPayloadParser-JNI.cpp.o
                0x000000000001ac98                std::__ndk1::allocator_traits<std::__ndk1::allocator<char> >::max_size(std::__ndk1::allocator<char> const&)
 .text._ZNKSt6__ndk112basic_stringIcNS_11char_traitsIcEENS_9allocatorIcEEE7__allocEv
                0x000000000001acc0       0x24 obj/src/setup_payload/java/libSetupPayloadParser.SetupPayloadParser-JNI.cpp.o
                0x000000000001acc0                std::__ndk1::basic_string<char, std::__ndk1::char_traits<char>, std::__ndk1::allocator<char> >::__alloc() const
 .text._ZNSt6__ndk116allocator_traitsINS_9allocatorIcEEE10__max_sizeENS_17integral_constantIbLb1EEERKS2_
                0x000000000001ace4       0x28 obj/src/setup_payload/java/libSetupPayloadParser.SetupPayloadParser-JNI.cpp.o
                0x000000000001ace4                std::__ndk1::allocator_traits<std::__ndk1::allocator<char> >::__max_size(std::__ndk1::integral_constant<bool, true>, std::__ndk1::allocator<char> const&)
 .text._ZNKSt6__ndk19allocatorIcE8max_sizeEv
                0x000000000001ad0c       0x18 obj/src/setup_payload/java/libSetupPayloadParser.SetupPayloadParser-JNI.cpp.o
                0x000000000001ad0c                std::__ndk1::allocator<char>::max_size() const
 .text._ZNKSt6__ndk117__compressed_pairINS_12basic_stringIcNS_11char_traitsIcEENS_9allocatorIcEEE5__repES5_E6secondEv
                0x000000000001ad24       0x24 obj/src/setup_payload/java/libSetupPayloadParser.SetupPayloadParser-JNI.cpp.o
                0x000000000001ad24                std::__ndk1::__compressed_pair<std::__ndk1::basic_string<char, std::__ndk1::char_traits<char>, std::__ndk1::allocator<char> >::__rep, std::__ndk1::allocator<char> >::second() const
 .text._ZNKSt6__ndk122__compressed_pair_elemINS_9allocatorIcEELi1ELb1EE5__getEv
                0x000000000001ad48       0x14 obj/src/setup_payload/java/libSetupPayloadParser.SetupPayloadParser-JNI.cpp.o
                0x000000000001ad48                std::__ndk1::__compressed_pair_elem<std::__ndk1::allocator<char>, 1, true>::__get() const
 .text._ZNSt6__ndk120__throw_length_errorEPKc
                0x000000000001ad5c       0x14 obj/src/setup_payload/java/libSetupPayloadParser.SetupPayloadParser-JNI.cpp.o
                0x000000000001ad5c                std::__ndk1::__throw_length_error(char const*)
 .text._ZNSt6__ndk114pointer_traitsIPcE10pointer_toERc
                0x000000000001ad70       0x24 obj/src/setup_payload/java/libSetupPayloadParser.SetupPayloadParser-JNI.cpp.o
                0x000000000001ad70                std::__ndk1::pointer_traits<char*>::pointer_to(char&)
 .text._ZNSt6__ndk19addressofIcEEPT_RS1_
                0x000000000001ad94       0x14 obj/src/setup_payload/java/libSetupPayloadParser.SetupPayloadParser-JNI.cpp.o